Archive member included to satisfy reference by file (symbol)

c:/users/moham/mingw/bin/../lib/gcc/x86_64-w64-mingw32/9.2.0/../../../../x86_64-w64-mingw32/lib/../lib/libmingw32.a(lib64_libmingw32_a-atonexit.o)
                              c:/users/moham/mingw/bin/../lib/gcc/x86_64-w64-mingw32/9.2.0/crtbegin.o (atexit)
c:/users/moham/mingw/bin/../lib/gcc/x86_64-w64-mingw32/9.2.0/../../../../x86_64-w64-mingw32/lib/../lib/libmingw32.a(lib64_libmingw32_a-gccmain.o)
                              c:/users/moham/mingw/bin/../lib/gcc/x86_64-w64-mingw32/9.2.0/../../../../x86_64-w64-mingw32/lib/../lib/crt2.o (__main)
c:/users/moham/mingw/bin/../lib/gcc/x86_64-w64-mingw32/9.2.0/../../../../x86_64-w64-mingw32/lib/../lib/libmingw32.a(lib64_libmingw32_a-natstart.o)
                              c:/users/moham/mingw/bin/../lib/gcc/x86_64-w64-mingw32/9.2.0/../../../../x86_64-w64-mingw32/lib/../lib/crt2.o (__native_startup_lock)
c:/users/moham/mingw/bin/../lib/gcc/x86_64-w64-mingw32/9.2.0/../../../../x86_64-w64-mingw32/lib/../lib/libmingw32.a(lib64_libmingw32_a-wildcard.o)
                              c:/users/moham/mingw/bin/../lib/gcc/x86_64-w64-mingw32/9.2.0/../../../../x86_64-w64-mingw32/lib/../lib/crt2.o (_dowildcard)
c:/users/moham/mingw/bin/../lib/gcc/x86_64-w64-mingw32/9.2.0/../../../../x86_64-w64-mingw32/lib/../lib/libmingw32.a(lib64_libmingw32_a-charmax.o)
                              c:/users/moham/mingw/bin/../lib/gcc/x86_64-w64-mingw32/9.2.0/../../../../x86_64-w64-mingw32/lib/../lib/crt2.o (mingw_initcharmax)
c:/users/moham/mingw/bin/../lib/gcc/x86_64-w64-mingw32/9.2.0/../../../../x86_64-w64-mingw32/lib/../lib/libmingw32.a(lib64_libmingw32_a-dllargv.o)
                              c:/users/moham/mingw/bin/../lib/gcc/x86_64-w64-mingw32/9.2.0/../../../../x86_64-w64-mingw32/lib/../lib/crt2.o (_setargv)
c:/users/moham/mingw/bin/../lib/gcc/x86_64-w64-mingw32/9.2.0/../../../../x86_64-w64-mingw32/lib/../lib/libmingw32.a(lib64_libmingw32_a-gs_support.o)
                              c:/users/moham/mingw/bin/../lib/gcc/x86_64-w64-mingw32/9.2.0/../../../../x86_64-w64-mingw32/lib/../lib/crt2.o (__security_init_cookie)
c:/users/moham/mingw/bin/../lib/gcc/x86_64-w64-mingw32/9.2.0/../../../../x86_64-w64-mingw32/lib/../lib/libmingw32.a(lib64_libmingw32_a-_newmode.o)
                              c:/users/moham/mingw/bin/../lib/gcc/x86_64-w64-mingw32/9.2.0/../../../../x86_64-w64-mingw32/lib/../lib/crt2.o (_newmode)
c:/users/moham/mingw/bin/../lib/gcc/x86_64-w64-mingw32/9.2.0/../../../../x86_64-w64-mingw32/lib/../lib/libmingw32.a(lib64_libmingw32_a-tlssup.o)
                              c:/users/moham/mingw/bin/../lib/gcc/x86_64-w64-mingw32/9.2.0/../../../../x86_64-w64-mingw32/lib/../lib/crt2.o (mingw_initltssuo_force)
c:/users/moham/mingw/bin/../lib/gcc/x86_64-w64-mingw32/9.2.0/../../../../x86_64-w64-mingw32/lib/../lib/libmingw32.a(lib64_libmingw32_a-cinitexe.o)
                              c:/users/moham/mingw/bin/../lib/gcc/x86_64-w64-mingw32/9.2.0/../../../../x86_64-w64-mingw32/lib/../lib/crt2.o (__xc_z)
c:/users/moham/mingw/bin/../lib/gcc/x86_64-w64-mingw32/9.2.0/../../../../x86_64-w64-mingw32/lib/../lib/libmingw32.a(lib64_libmingw32_a-merr.o)
                              c:/users/moham/mingw/bin/../lib/gcc/x86_64-w64-mingw32/9.2.0/../../../../x86_64-w64-mingw32/lib/../lib/crt2.o (__mingw_setusermatherr)
c:/users/moham/mingw/bin/../lib/gcc/x86_64-w64-mingw32/9.2.0/../../../../x86_64-w64-mingw32/lib/../lib/libmingw32.a(lib64_libmingw32_a-CRT_fp10.o)
                              c:/users/moham/mingw/bin/../lib/gcc/x86_64-w64-mingw32/9.2.0/../../../../x86_64-w64-mingw32/lib/../lib/crt2.o (_fpreset)
c:/users/moham/mingw/bin/../lib/gcc/x86_64-w64-mingw32/9.2.0/../../../../x86_64-w64-mingw32/lib/../lib/libmingw32.a(lib64_libmingw32_a-mingw_helpers.o)
                              c:/users/moham/mingw/bin/../lib/gcc/x86_64-w64-mingw32/9.2.0/../../../../x86_64-w64-mingw32/lib/../lib/libmingw32.a(lib64_libmingw32_a-atonexit.o) (_decode_pointer)
c:/users/moham/mingw/bin/../lib/gcc/x86_64-w64-mingw32/9.2.0/../../../../x86_64-w64-mingw32/lib/../lib/libmingw32.a(lib64_libmingw32_a-pseudo-reloc.o)
                              c:/users/moham/mingw/bin/../lib/gcc/x86_64-w64-mingw32/9.2.0/../../../../x86_64-w64-mingw32/lib/../lib/crt2.o (_pei386_runtime_relocator)
c:/users/moham/mingw/bin/../lib/gcc/x86_64-w64-mingw32/9.2.0/../../../../x86_64-w64-mingw32/lib/../lib/libmingw32.a(lib64_libmingw32_a-xtxtmode.o)
                              c:/users/moham/mingw/bin/../lib/gcc/x86_64-w64-mingw32/9.2.0/../../../../x86_64-w64-mingw32/lib/../lib/crt2.o (_fmode)
c:/users/moham/mingw/bin/../lib/gcc/x86_64-w64-mingw32/9.2.0/../../../../x86_64-w64-mingw32/lib/../lib/libmingw32.a(lib64_libmingw32_a-crt_handler.o)
                              c:/users/moham/mingw/bin/../lib/gcc/x86_64-w64-mingw32/9.2.0/../../../../x86_64-w64-mingw32/lib/../lib/crt2.o (__mingw_init_ehandler)
[...]
Memory Configuration

Name             Origin             Length             Attributes
*default*        0x0000000000000000 0xffffffffffffffff

Linker script and memory map

                0x0000000000400000                __image_base__ = 0x400000
                0x0000000000000000                __dll__ = 0x0
                0x0000000000400000                __ImageBase = 0x400000
                0x0000000000001000                __section_alignment__ = 0x1000
                0x0000000000000200                __file_alignment__ = 0x200
                0x0000000000000004                __major_os_version__ = 0x4
                0x0000000000000000                __minor_os_version__ = 0x0
                0x0000000000000000                __major_image_version__ = 0x0
                0x0000000000000000                __minor_image_version__ = 0x0
                0x0000000000000005                __major_subsystem_version__ = 0x5
                0x0000000000000002                __minor_subsystem_version__ = 0x2
                0x0000000000000003                __subsystem__ = 0x3
                0x0000000000200000                __size_of_stack_reserve__ = 0x200000
                0x0000000000001000                __size_of_stack_commit__ = 0x1000
                0x0000000000100000                __size_of_heap_reserve__ = 0x100000
                0x0000000000001000                __size_of_heap_commit__ = 0x1000
                0x0000000000000000                __loader_flags__ = 0x0
                0x0000000000000000                __dll_characteristics__ = 0x0
LOAD c:/users/moham/mingw/bin/../lib/gcc/x86_64-w64-mingw32/9.2.0/../../../../x86_64-w64-mingw32/lib/../lib/crt2.o
LOAD c:/users/moham/mingw/bin/../lib/gcc/x86_64-w64-mingw32/9.2.0/crtbegin.o
LOAD main.o
LOAD memory.o
LOAD c:/users/moham/mingw/bin/../lib/gcc/x86_64-w64-mingw32/9.2.0/../../../../x86_64-w64-mingw32/lib/../lib/libmingw32.a
LOAD c:/users/moham/mingw/bin/../lib/gcc/x86_64-w64-mingw32/9.2.0/libgcc.a
LOAD c:/users/moham/mingw/bin/../lib/gcc/x86_64-w64-mingw32/9.2.0/../../../../x86_64-w64-mingw32/lib/../lib/libmoldname.a
LOAD c:/users/moham/mingw/bin/../lib/gcc/x86_64-w64-mingw32/9.2.0/../../../../x86_64-w64-mingw32/lib/../lib/libmingwex.a
LOAD c:/users/moham/mingw/bin/../lib/gcc/x86_64-w64-mingw32/9.2.0/../../../../x86_64-w64-mingw32/lib/../lib/libmsvcrt.a
LOAD c:/users/moham/mingw/bin/../lib/gcc/x86_64-w64-mingw32/9.2.0/../../../../x86_64-w64-mingw32/lib/../lib/libadvapi32.a
LOAD c:/users/moham/mingw/bin/../lib/gcc/x86_64-w64-mingw32/9.2.0/../../../../x86_64-w64-mingw32/lib/../lib/libshell32.a
LOAD c:/users/moham/mingw/bin/../lib/gcc/x86_64-w64-mingw32/9.2.0/../../../../x86_64-w64-mingw32/lib/../lib/libuser32.a
LOAD c:/users/moham/mingw/bin/../lib/gcc/x86_64-w64-mingw32/9.2.0/../../../../x86_64-w64-mingw32/lib/../lib/libkernel32.a
LOAD c:/users/moham/mingw/bin/../lib/gcc/x86_64-w64-mingw32/9.2.0/../../../../x86_64-w64-mingw32/lib/../lib/libmingw32.a
LOAD c:/users/moham/mingw/bin/../lib/gcc/x86_64-w64-mingw32/9.2.0/libgcc.a
LOAD c:/users/moham/mingw/bin/../lib/gcc/x86_64-w64-mingw32/9.2.0/../../../../x86_64-w64-mingw32/lib/../lib/libmoldname.a
LOAD c:/users/moham/mingw/bin/../lib/gcc/x86_64-w64-mingw32/9.2.0/../../../../x86_64-w64-mingw32/lib/../lib/libmingwex.a
LOAD c:/users/moham/mingw/bin/../lib/gcc/x86_64-w64-mingw32/9.2.0/../../../../x86_64-w64-mingw32/lib/../lib/libmsvcrt.a
LOAD c:/users/moham/mingw/bin/../lib/gcc/x86_64-w64-mingw32/9.2.0/crtend.o
                0x00000000000003b8                . = SIZEOF_HEADERS
                0x0000000000001000                . = ALIGN (__section_alignment__)

.text           0x0000000000401000     0x2000
 *(.init)
 *(.text)
 .text          0x0000000000401000      0x500 c:/users/moham/mingw/bin/../lib/gcc/x86_64-w64-mingw32/9.2.0/../../../../x86_64-w64-mingw32/lib/../lib/crt2.o
                0x00000000004014a0                WinMainCRTStartup
                0x00000000004014d0                mainCRTStartup
 .text          0x0000000000401500       0x20 c:/users/moham/mingw/bin/../lib/gcc/x86_64-w64-mingw32/9.2.0/crtbegin.o
                0x0000000000401500                __gcc_register_frame
                0x0000000000401510                __gcc_deregister_frame
 .text          0x0000000000401520      0x190 main.o
                0x0000000000401520                main
 .text          0x00000000004016b0       0xe0 memory.o
                0x00000000004016b0                set_value
                0x00000000004016d4                clear_value
                0x00000000004016fe                get_value
                0x0000000000401718                set_all
                0x000000000040175f                clear_all
 .text          0x0000000000401790       0xd0 c:/users/moham/mingw/bin/../lib/gcc/x86_64-w64-mingw32/9.2.0/../../../../x86_64-w64-mingw32/lib/../lib/libmingw32.a(lib64_libmingw32_a-atonexit.o)
                0x0000000000401790                mingw_onexit
                0x0000000000401840                atexit
 .text          0x0000000000401860      0x120 c:/users/moham/mingw/bin/../lib/gcc/x86_64-w64-mingw32/9.2.0/../../../../x86_64-w64-mingw32/lib/../lib/libmingw32.a(lib64_libmingw32_a-gccmain.o)
                0x0000000000401860                __do_global_dtors
                0x00000000004018a0                __do_global_ctors
                0x0000000000401900                __main
 .text          0x0000000000401980        0x0 c:/users/moham/mingw/bin/../lib/gcc/x86_64-w64-mingw32/9.2.0/../../../../x86_64-w64-mingw32/lib/../lib/libmingw32.a(lib64_libmingw32_a-natstart.o)
 .text          0x0000000000401980        0x0 c:/users/moham/mingw/bin/../lib/gcc/x86_64-w64-mingw32/9.2.0/../../../../x86_64-w64-mingw32/lib/../lib/libmingw32.a(lib64_libmingw32_a-wildcard.o)
 .text          0x0000000000401980       0x10 c:/users/moham/mingw/bin/../lib/gcc/x86_64-w64-mingw32/9.2.0/../../../../x86_64-w64-mingw32/lib/../lib/libmingw32.a(lib64_libmingw32_a-charmax.o)
 .text          0x0000000000401990       0x10 c:/users/moham/mingw/bin/../lib/gcc/x86_64-w64-mingw32/9.2.0/../../../../x86_64-w64-mingw32/lib/../lib/libmingw32.a(lib64_libmingw32_a-dllargv.o)
                0x0000000000401990                _setargv
 .text          0x00000000004019a0      0x1d0 c:/users/moham/mingw/bin/../lib/gcc/x86_64-w64-mingw32/9.2.0/../../../../x86_64-w64-mingw32/lib/../lib/libmingw32.a(lib64_libmingw32_a-gs_support.o)
                0x00000000004019a0                __security_init_cookie
                0x0000000000401a70                __report_gsfailure
 .text          0x0000000000401b70        0x0 c:/users/moham/mingw/bin/../lib/gcc/x86_64-w64-mingw32/9.2.0/../../../../x86_64-w64-mingw32/lib/../lib/libmingw32.a(lib64_libmingw32_a-_newmode.o)
 .text          0x0000000000401b70       0xc0 c:/users/moham/mingw/bin/../lib/gcc/x86_64-w64-mingw32/9.2.0/../../../../x86_64-w64-mingw32/lib/../lib/libmingw32.a(lib64_libmingw32_a-tlssup.o)
                0x0000000000401ba0                __dyn_tls_init
                0x0000000000401c20                __tlregdtor
 .text          0x0000000000401c30        0x0 c:/users/moham/mingw/bin/../lib/gcc/x86_64-w64-mingw32/9.2.0/../../../../x86_64-w64-mingw32/lib/../lib/libmingw32.a(lib64_libmingw32_a-cinitexe.o)
 .text          0x0000000000401c30      0x120 c:/users/moham/mingw/bin/../lib/gcc/x86_64-w64-mingw32/9.2.0/../../../../x86_64-w64-mingw32/lib/../lib/libmingw32.a(lib64_libmingw32_a-merr.o)
                0x0000000000401c30                __mingw_raise_matherr
                0x0000000000401c70                __mingw_setusermatherr
                0x0000000000401c80                _matherr
 .text          0x0000000000401d50       0x10 c:/users/moham/mingw/bin/../lib/gcc/x86_64-w64-mingw32/9.2.0/../../../../x86_64-w64-mingw32/lib/../lib/libmingw32.a(lib64_libmingw32_a-CRT_fp10.o)
                0x0000000000401d50                fpreset
                0x0000000000401d50                _fpreset
 .text          0x0000000000401d60       0x20 c:/users/moham/mingw/bin/../lib/gcc/x86_64-w64-mingw32/9.2.0/../../../../x86_64-w64-mingw32/lib/../lib/libmingw32.a(lib64_libmingw32_a-mingw_helpers.o)
                0x0000000000401d60                _decode_pointer
                0x0000000000401d70                _encode_pointer
 .text          0x0000000000401d80      0x460 c:/users/moham/mingw/bin/../lib/gcc/x86_64-w64-mingw32/9.2.0/../../../../x86_64-w64-mingw32/lib/../lib/libmingw32.a(lib64_libmingw32_a-pseudo-reloc.o)
                0x0000000000401f40                _pei386_runtime_relocator
 .text          0x00000000004021e0        0x0 c:/users/moham/mingw/bin/../lib/gcc/x86_64-w64-mingw32/9.2.0/../../../../x86_64-w64-mingw32/lib/../lib/libmingw32.a(lib64_libmingw32_a-xtxtmode.o)
 .text          0x00000000004021e0      0x400 c:/users/moham/mingw/bin/../lib/gcc/x86_64-w64-mingw32/9.2.0/../../../../x86_64-w64-mingw32/lib/../lib/libmingw32.a(lib64_libmingw32_a-crt_handler.o)
                0x00000000004021e0                __mingw_SEH_error_handler
                0x0000000000402350                __mingw_init_ehandler
                0x0000000000402440                _gnu_exception_handler
 .text          0x00000000004025e0      0x2b0 c:/users/moham/mingw/bin/../lib/gcc/x86_64-w64-mingw32/9.2.0/../../../../x86_64-w64-mingw32/lib/../lib/libmingw32.a(lib64_libmingw32_a-tlsthrd.o)
                0x00000000004025e0                ___w64_mingwthr_add_key_dtor
                0x0000000000402660                ___w64_mingwthr_remove_key_dtor
                0x00000000004026e0                __mingw_TLScallback
 .text          0x0000000000402890        0x0 c:/users/moham/mingw/bin/../lib/gcc/x86_64-w64-mingw32/9.2.0/../../../../x86_64-w64-mingw32/lib/../lib/libmingw32.a(lib64_libmingw32_a-tlsmcrt.o)
 .text          0x0000000000402890        0x0 c:/users/moham/mingw/bin/../lib/gcc/x86_64-w64-mingw32/9.2.0/../../../../x86_64-w64-mingw32/lib/../lib/libmingw32.a(lib64_libmingw32_a-pseudo-reloc-list.o)
 .text          0x0000000000402890      0x380 c:/users/moham/mingw/bin/../lib/gcc/x86_64-w64-mingw32/9.2.0/../../../../x86_64-w64-mingw32/lib/../lib/libmingw32.a(lib64_libmingw32_a-pesect.o)
                0x0000000000402890                _ValidateImageBase
                0x00000000004028c0                _FindPESection
                0x0000000000402910                _FindPESectionByName
                0x00000000004029b0                __mingw_GetSectionForAddress
                0x0000000000402a20                __mingw_GetSectionCount
                0x0000000000402a50                _FindPESectionExec
                0x0000000000402ac0                _GetPEImageBase
                0x0000000000402af0                _IsNonwritableInCurrentImage
                0x0000000000402b70                __mingw_enum_import_library_names
 .text          0x0000000000402c10       0x40 c:/users/moham/mingw/bin/../lib/gcc/x86_64-w64-mingw32/9.2.0/libgcc.a(_chkstk_ms.o)
                0x0000000000402c10                ___chkstk_ms
 .text          0x0000000000402c50        0x0 c:/users/moham/mingw/bin/../lib/gcc/x86_64-w64-mingw32/9.2.0/libgcc.a(_ctors.o)
 .text          0x0000000000402c50        0x0 c:/users/moham/mingw/bin/../lib/gcc/x86_64-w64-mingw32/9.2.0/../../../../x86_64-w64-mingw32/lib/../lib/libmingwex.a(lib64_libmingwex_a-mingw_matherr.o)
 .text          0x0000000000402c50        0x8 c:/users/moham/mingw/bin/../lib/gcc/x86_64-w64-mingw32/9.2.0/../../../../x86_64-w64-mingw32/lib/../lib/libmsvcrt.a(dhkls01107.o)
                0x0000000000402c50                vfprintf
 .text          0x0000000000402c58        0x8 c:/users/moham/mingw/bin/../lib/gcc/x86_64-w64-mingw32/9.2.0/../../../../x86_64-w64-mingw32/lib/../lib/libmsvcrt.a(dhkls01075.o)
                0x0000000000402c58                strncmp
 .text          0x0000000000402c60        0x8 c:/users/moham/mingw/bin/../lib/gcc/x86_64-w64-mingw32/9.2.0/../../../../x86_64-w64-mingw32/lib/../lib/libmsvcrt.a(dhkls01072.o)
                0x0000000000402c60                strlen
 .text          0x0000000000402c68        0x8 c:/users/moham/mingw/bin/../lib/gcc/x86_64-w64-mingw32/9.2.0/../../../../x86_64-w64-mingw32/lib/../lib/libmsvcrt.a(dhkls01051.o)
                0x0000000000402c68                signal
 .text          0x0000000000402c70        0x8 c:/users/moham/mingw/bin/../lib/gcc/x86_64-w64-mingw32/9.2.0/../../../../x86_64-w64-mingw32/lib/../lib/libmsvcrt.a(dhkls01033.o)
                0x0000000000402c70                putchar
 .text          0x0000000000402c78        0x8 c:/users/moham/mingw/bin/../lib/gcc/x86_64-w64-mingw32/9.2.0/../../../../x86_64-w64-mingw32/lib/../lib/libmsvcrt.a(dhkls01021.o)
                0x0000000000402c78                memcpy
 .text          0x0000000000402c80        0x8 c:/users/moham/mingw/bin/../lib/gcc/x86_64-w64-mingw32/9.2.0/../../../../x86_64-w64-mingw32/lib/../lib/libmsvcrt.a(dhkls01013.o)
                0x0000000000402c80                malloc
 .text          0x0000000000402c88        0x8 c:/users/moham/mingw/bin/../lib/gcc/x86_64-w64-mingw32/9.2.0/../../../../x86_64-w64-mingw32/lib/../lib/libmsvcrt.a(dhkls00967.o)
                0x0000000000402c88                fwrite
 .text          0x0000000000402c90        0x8 c:/users/moham/mingw/bin/../lib/gcc/x86_64-w64-mingw32/9.2.0/../../../../x86_64-w64-mingw32/lib/../lib/libmsvcrt.a(dhkls00956.o)
                0x0000000000402c90                free
 .text          0x0000000000402c98        0x8 c:/users/moham/mingw/bin/../lib/gcc/x86_64-w64-mingw32/9.2.0/../../../../x86_64-w64-mingw32/lib/../lib/libmsvcrt.a(dhkls00949.o)
                0x0000000000402c98                fprintf
 .text          0x0000000000402ca0        0x8 c:/users/moham/mingw/bin/../lib/gcc/x86_64-w64-mingw32/9.2.0/../../../../x86_64-w64-mingw32/lib/../lib/libmsvcrt.a(dhkls00930.o)
                0x0000000000402ca0                exit
 .text          0x0000000000402ca8        0x8 c:/users/moham/mingw/bin/../lib/gcc/x86_64-w64-mingw32/9.2.0/../../../../x86_64-w64-mingw32/lib/../lib/libmsvcrt.a(dhkls00917.o)
                0x0000000000402ca8                calloc
 .text          0x0000000000402cb0        0x8 c:/users/moham/mingw/bin/../lib/gcc/x86_64-w64-mingw32/9.2.0/../../../../x86_64-w64-mingw32/lib/../lib/libmsvcrt.a(dhkls00900.o)
                0x0000000000402cb0                abort
 .text          0x0000000000402cb8        0x8 c:/users/moham/mingw/bin/../lib/gcc/x86_64-w64-mingw32/9.2.0/../../../../x86_64-w64-mingw32/lib/../lib/libmsvcrt.a(dhkls00712.o)
                0x0000000000402cb8                _unlock
 .text          0x0000000000402cc0        0x8 c:/users/moham/mingw/bin/../lib/gcc/x86_64-w64-mingw32/9.2.0/../../../../x86_64-w64-mingw32/lib/../lib/libmsvcrt.a(dhkls00552.o)
                0x0000000000402cc0                _onexit
 .text          0x0000000000402cc8        0x8 c:/users/moham/mingw/bin/../lib/gcc/x86_64-w64-mingw32/9.2.0/../../../../x86_64-w64-mingw32/lib/../lib/libmsvcrt.a(dhkls00387.o)
                0x0000000000402cc8                _lock
 .text          0x0000000000402cd0        0x8 c:/users/moham/mingw/bin/../lib/gcc/x86_64-w64-mingw32/9.2.0/../../../../x86_64-w64-mingw32/lib/../lib/libmsvcrt.a(dhkls00285.o)
                0x0000000000402cd0                _initterm
 .text          0x0000000000402cd8        0x0 c:/users/moham/mingw/bin/../lib/gcc/x86_64-w64-mingw32/9.2.0/../../../../x86_64-w64-mingw32/lib/../lib/libmsvcrt.a(dhkls00219.o)
 .text          0x0000000000402cd8        0x8 c:/users/moham/mingw/bin/../lib/gcc/x86_64-w64-mingw32/9.2.0/../../../../x86_64-w64-mingw32/lib/../lib/libmsvcrt.a(dhkls00138.o)
                0x0000000000402cd8                _cexit
 .text          0x0000000000402ce0        0x8 c:/users/moham/mingw/bin/../lib/gcc/x86_64-w64-mingw32/9.2.0/../../../../x86_64-w64-mingw32/lib/../lib/libmsvcrt.a(dhkls00120.o)
                0x0000000000402ce0                _amsg_exit
 .text          0x0000000000402ce8        0x0 c:/users/moham/mingw/bin/../lib/gcc/x86_64-w64-mingw32/9.2.0/../../../../x86_64-w64-mingw32/lib/../lib/libmsvcrt.a(dhkls00113.o)
 .text          0x0000000000402ce8        0x8 c:/users/moham/mingw/bin/../lib/gcc/x86_64-w64-mingw32/9.2.0/../../../../x86_64-w64-mingw32/lib/../lib/libmsvcrt.a(dhkls00098.o)
                0x0000000000402ce8                __setusermatherr
 .text          0x0000000000402cf0        0x8 c:/users/moham/mingw/bin/../lib/gcc/x86_64-w64-mingw32/9.2.0/../../../../x86_64-w64-mingw32/lib/../lib/libmsvcrt.a(dhkls00096.o)
                0x0000000000402cf0                __set_app_type
 .text          0x0000000000402cf8        0x8 c:/users/moham/mingw/bin/../lib/gcc/x86_64-w64-mingw32/9.2.0/../../../../x86_64-w64-mingw32/lib/../lib/libmsvcrt.a(dhkls00090.o)
                0x0000000000402cf8                __lconv_init
 .text          0x0000000000402d00        0x8 c:/users/moham/mingw/bin/../lib/gcc/x86_64-w64-mingw32/9.2.0/../../../../x86_64-w64-mingw32/lib/../lib/libmsvcrt.a(dhkls00083.o)
                0x0000000000402d00                __iob_func
 .text          0x0000000000402d08        0x0 c:/users/moham/mingw/bin/../lib/gcc/x86_64-w64-mingw32/9.2.0/../../../../x86_64-w64-mingw32/lib/../lib/libmsvcrt.a(dhkls00082.o)
 .text          0x0000000000402d08        0x8 c:/users/moham/mingw/bin/../lib/gcc/x86_64-w64-mingw32/9.2.0/../../../../x86_64-w64-mingw32/lib/../lib/libmsvcrt.a(dhkls00081.o)
                0x0000000000402d08                __getmainargs
 .text          0x0000000000402d10        0x8 c:/users/moham/mingw/bin/../lib/gcc/x86_64-w64-mingw32/9.2.0/../../../../x86_64-w64-mingw32/lib/../lib/libmsvcrt.a(dhkls00078.o)
                0x0000000000402d10                __dllonexit
 .text          0x0000000000402d18        0x8 c:/users/moham/mingw/bin/../lib/gcc/x86_64-w64-mingw32/9.2.0/../../../../x86_64-w64-mingw32/lib/../lib/libmsvcrt.a(dhkls00055.o)
                0x0000000000402d18                __C_specific_handler
 .text          0x0000000000402d20       0x20 c:/users/moham/mingw/bin/../lib/gcc/x86_64-w64-mingw32/9.2.0/../../../../x86_64-w64-mingw32/lib/../lib/libmsvcrt.a(lib64_libmsvcrt_a-invalid_parameter_handler.o)
                0x0000000000402d20                _get_invalid_parameter_handler
                0x0000000000402d30                _set_invalid_parameter_handler
 .text          0x0000000000402d40        0x0 c:/users/moham/mingw/bin/../lib/gcc/x86_64-w64-mingw32/9.2.0/../../../../x86_64-w64-mingw32/lib/../lib/libmsvcrt.a(dhklh.o)
 .text          0x0000000000402d40        0x0 c:/users/moham/mingw/bin/../lib/gcc/x86_64-w64-mingw32/9.2.0/../../../../x86_64-w64-mingw32/lib/../lib/libmsvcrt.a(dhklt.o)
 .text          0x0000000000402d40        0x8 c:/users/moham/mingw/bin/../lib/gcc/x86_64-w64-mingw32/9.2.0/../../../../x86_64-w64-mingw32/lib/../lib/libkernel32.a(dakls01267.o)
                0x0000000000402d40                VirtualQuery
 .text          0x0000000000402d48        0x8 c:/users/moham/mingw/bin/../lib/gcc/x86_64-w64-mingw32/9.2.0/../../../../x86_64-w64-mingw32/lib/../lib/libkernel32.a(dakls01265.o)
                0x0000000000402d48                VirtualProtect
 .text          0x0000000000402d50        0x8 c:/users/moham/mingw/bin/../lib/gcc/x86_64-w64-mingw32/9.2.0/../../../../x86_64-w64-mingw32/lib/../lib/libkernel32.a(dakls01235.o)
                0x0000000000402d50                UnhandledExceptionFilter
 .text          0x0000000000402d58        0x8 c:/users/moham/mingw/bin/../lib/gcc/x86_64-w64-mingw32/9.2.0/../../../../x86_64-w64-mingw32/lib/../lib/libkernel32.a(dakls01222.o)
                0x0000000000402d58                TlsGetValue
 .text          0x0000000000402d60        0x8 c:/users/moham/mingw/bin/../lib/gcc/x86_64-w64-mingw32/9.2.0/../../../../x86_64-w64-mingw32/lib/../lib/libkernel32.a(dakls01215.o)
                0x0000000000402d60                TerminateProcess
 .text          0x0000000000402d68        0x8 c:/users/moham/mingw/bin/../lib/gcc/x86_64-w64-mingw32/9.2.0/../../../../x86_64-w64-mingw32/lib/../lib/libkernel32.a(dakls01201.o)
                0x0000000000402d68                Sleep
 .text          0x0000000000402d70        0x8 c:/users/moham/mingw/bin/../lib/gcc/x86_64-w64-mingw32/9.2.0/../../../../x86_64-w64-mingw32/lib/../lib/libkernel32.a(dakls01188.o)
                0x0000000000402d70                SetUnhandledExceptionFilter
 .text          0x0000000000402d78        0x8 c:/users/moham/mingw/bin/../lib/gcc/x86_64-w64-mingw32/9.2.0/../../../../x86_64-w64-mingw32/lib/../lib/libkernel32.a(dakls01045.o)
                0x0000000000402d78                RtlVirtualUnwind
 .text          0x0000000000402d80        0x8 c:/users/moham/mingw/bin/../lib/gcc/x86_64-w64-mingw32/9.2.0/../../../../x86_64-w64-mingw32/lib/../lib/libkernel32.a(dakls01038.o)
                0x0000000000402d80                RtlLookupFunctionEntry
 .text          0x0000000000402d88        0x8 c:/users/moham/mingw/bin/../lib/gcc/x86_64-w64-mingw32/9.2.0/../../../../x86_64-w64-mingw32/lib/../lib/libkernel32.a(dakls01031.o)
                0x0000000000402d88                RtlCaptureContext
 .text          0x0000000000402d90        0x8 c:/users/moham/mingw/bin/../lib/gcc/x86_64-w64-mingw32/9.2.0/../../../../x86_64-w64-mingw32/lib/../lib/libkernel32.a(dakls01030.o)
                0x0000000000402d90                RtlAddFunctionTable
 .text          0x0000000000402d98        0x8 c:/users/moham/mingw/bin/../lib/gcc/x86_64-w64-mingw32/9.2.0/../../../../x86_64-w64-mingw32/lib/../lib/libkernel32.a(dakls00959.o)
                0x0000000000402d98                QueryPerformanceCounter
 .text          0x0000000000402da0        0x8 c:/users/moham/mingw/bin/../lib/gcc/x86_64-w64-mingw32/9.2.0/../../../../x86_64-w64-mingw32/lib/../lib/libkernel32.a(dakls00845.o)
                0x0000000000402da0                LeaveCriticalSection
 .text          0x0000000000402da8        0x8 c:/users/moham/mingw/bin/../lib/gcc/x86_64-w64-mingw32/9.2.0/../../../../x86_64-w64-mingw32/lib/../lib/libkernel32.a(dakls00763.o)
                0x0000000000402da8                InitializeCriticalSection
 .text          0x0000000000402db0        0x8 c:/users/moham/mingw/bin/../lib/gcc/x86_64-w64-mingw32/9.2.0/../../../../x86_64-w64-mingw32/lib/../lib/libkernel32.a(dakls00679.o)
                0x0000000000402db0                GetTickCount
 .text          0x0000000000402db8        0x8 c:/users/moham/mingw/bin/../lib/gcc/x86_64-w64-mingw32/9.2.0/../../../../x86_64-w64-mingw32/lib/../lib/libkernel32.a(dakls00652.o)
                0x0000000000402db8                GetSystemTimeAsFileTime
 .text          0x0000000000402dc0        0x8 c:/users/moham/mingw/bin/../lib/gcc/x86_64-w64-mingw32/9.2.0/../../../../x86_64-w64-mingw32/lib/../lib/libkernel32.a(dakls00629.o)
                0x0000000000402dc0                GetStartupInfoA
 .text          0x0000000000402dc8        0x8 c:/users/moham/mingw/bin/../lib/gcc/x86_64-w64-mingw32/9.2.0/../../../../x86_64-w64-mingw32/lib/../lib/libkernel32.a(dakls00530.o)
                0x0000000000402dc8                GetLastError
 .text          0x0000000000402dd0        0x8 c:/users/moham/mingw/bin/../lib/gcc/x86_64-w64-mingw32/9.2.0/../../../../x86_64-w64-mingw32/lib/../lib/libkernel32.a(dakls00467.o)
                0x0000000000402dd0                GetCurrentThreadId
 .text          0x0000000000402dd8        0x8 c:/users/moham/mingw/bin/../lib/gcc/x86_64-w64-mingw32/9.2.0/../../../../x86_64-w64-mingw32/lib/../lib/libkernel32.a(dakls00463.o)
                0x0000000000402dd8                GetCurrentProcessId
 .text          0x0000000000402de0        0x8 c:/users/moham/mingw/bin/../lib/gcc/x86_64-w64-mingw32/9.2.0/../../../../x86_64-w64-mingw32/lib/../lib/libkernel32.a(dakls00462.o)
                0x0000000000402de0                GetCurrentProcess
 .text          0x0000000000402de8        0x8 c:/users/moham/mingw/bin/../lib/gcc/x86_64-w64-mingw32/9.2.0/../../../../x86_64-w64-mingw32/lib/../lib/libkernel32.a(dakls00249.o)
                0x0000000000402de8                EnterCriticalSection
 .text          0x0000000000402df0        0x8 c:/users/moham/mingw/bin/../lib/gcc/x86_64-w64-mingw32/9.2.0/../../../../x86_64-w64-mingw32/lib/../lib/libkernel32.a(dakls00216.o)
                0x0000000000402df0                DeleteCriticalSection
 *fill*         0x0000000000402df8        0x8 
 .text          0x0000000000402e00        0x0 c:/users/moham/mingw/bin/../lib/gcc/x86_64-w64-mingw32/9.2.0/../../../../x86_64-w64-mingw32/lib/../lib/libkernel32.a(daklh.o)
 .text          0x0000000000402e00        0x0 c:/users/moham/mingw/bin/../lib/gcc/x86_64-w64-mingw32/9.2.0/../../../../x86_64-w64-mingw32/lib/../lib/libkernel32.a(daklt.o)
 .text          0x0000000000402e00        0x0 c:/users/moham/mingw/bin/../lib/gcc/x86_64-w64-mingw32/9.2.0/crtend.o
 *(SORT(.text$*))
 *(.text.*)
 .text.startup  0x0000000000402e00       0x10 c:/users/moham/mingw/bin/../lib/gcc/x86_64-w64-mingw32/9.2.0/crtend.o
 *(.gnu.linkonce.t.*)
 *(.glue_7t)
 *(.glue_7)
                0x0000000000402e10                . = ALIGN (0x8)
                0x0000000000402e10                ___CTOR_LIST__ = .
                0x0000000000402e10                __CTOR_LIST__ = .
                0x0000000000402e10        0x4 LONG 0xffffffffffffffff
                0x0000000000402e14        0x4 LONG 0xffffffffffffffff
 *(.ctors)
 *(.ctor)
 *(SORT(.ctors.*))
 .ctors.65535   0x0000000000402e18        0x8 c:/users/moham/mingw/bin/../lib/gcc/x86_64-w64-mingw32/9.2.0/crtend.o
                0x0000000000402e20        0x4 LONG 0x0
                0x0000000000402e24        0x4 LONG 0x0
                0x0000000000402e28                ___DTOR_LIST__ = .
                0x0000000000402e28                __DTOR_LIST__ = .
                0x0000000000402e28        0x4 LONG 0xffffffffffffffff
                0x0000000000402e2c        0x4 LONG 0xffffffffffffffff
 *(.dtors)
 *(.dtor)
 *(SORT(.dtors.*))
                0x0000000000402e30        0x4 LONG 0x0
                0x0000000000402e34        0x4 LONG 0x0
 *(.fini)
 *(.gcc_exc)
                [!provide]                        PROVIDE (etext, .)
 *(.gcc_except_table)

.data           0x0000000000403000      0x200
                0x0000000000403000                __data_start__ = .
 *(.data)
 .data          0x0000000000403000       0x10 c:/users/moham/mingw/bin/../lib/gcc/x86_64-w64-mingw32/9.2.0/../../../../x86_64-w64-mingw32/lib/../lib/crt2.o
                0x0000000000403000                __mingw_winmain_nShowCmd
 .data          0x0000000000403010        0x0 c:/users/moham/mingw/bin/../lib/gcc/x86_64-w64-mingw32/9.2.0/crtbegin.o
 .data          0x0000000000403010        0x0 main.o
 .data          0x0000000000403010        0x0 memory.o
 .data          0x0000000000403010        0x0 c:/users/moham/mingw/bin/../lib/gcc/x86_64-w64-mingw32/9.2.0/../../../../x86_64-w64-mingw32/lib/../lib/libmingw32.a(lib64_libmingw32_a-atonexit.o)
 .data          0x0000000000403010       0x10 c:/users/moham/mingw/bin/../lib/gcc/x86_64-w64-mingw32/9.2.0/../../../../x86_64-w64-mingw32/lib/../lib/libmingw32.a(lib64_libmingw32_a-gccmain.o)
 .data          0x0000000000403020       0x10 c:/users/moham/mingw/bin/../lib/gcc/x86_64-w64-mingw32/9.2.0/../../../../x86_64-w64-mingw32/lib/../lib/libmingw32.a(lib64_libmingw32_a-natstart.o)
                0x0000000000403020                __native_vcclrit_reason
                0x0000000000403024                __native_dllmain_reason
 .data          0x0000000000403030        0x0 c:/users/moham/mingw/bin/../lib/gcc/x86_64-w64-mingw32/9.2.0/../../../../x86_64-w64-mingw32/lib/../lib/libmingw32.a(lib64_libmingw32_a-wildcard.o)
 .data          0x0000000000403030       0x10 c:/users/moham/mingw/bin/../lib/gcc/x86_64-w64-mingw32/9.2.0/../../../../x86_64-w64-mingw32/lib/../lib/libmingw32.a(lib64_libmingw32_a-charmax.o)
                0x0000000000403030                _charmax
 .data          0x0000000000403040        0x0 c:/users/moham/mingw/bin/../lib/gcc/x86_64-w64-mingw32/9.2.0/../../../../x86_64-w64-mingw32/lib/../lib/libmingw32.a(lib64_libmingw32_a-dllargv.o)
 .data          0x0000000000403040        0x0 c:/users/moham/mingw/bin/../lib/gcc/x86_64-w64-mingw32/9.2.0/../../../../x86_64-w64-mingw32/lib/../lib/libmingw32.a(lib64_libmingw32_a-gs_support.o)
 .data          0x0000000000403040        0x0 c:/users/moham/mingw/bin/../lib/gcc/x86_64-w64-mingw32/9.2.0/../../../../x86_64-w64-mingw32/lib/../lib/libmingw32.a(lib64_libmingw32_a-_newmode.o)
 .data          0x0000000000403040        0x0 c:/users/moham/mingw/bin/../lib/gcc/x86_64-w64-mingw32/9.2.0/../../../../x86_64-w64-mingw32/lib/../lib/libmingw32.a(lib64_libmingw32_a-tlssup.o)
 .data          0x0000000000403040        0x0 c:/users/moham/mingw/bin/../lib/gcc/x86_64-w64-mingw32/9.2.0/../../../../x86_64-w64-mingw32/lib/../lib/libmingw32.a(lib64_libmingw32_a-cinitexe.o)
 .data          0x0000000000403040        0x0 c:/users/moham/mingw/bin/../lib/gcc/x86_64-w64-mingw32/9.2.0/../../../../x86_64-w64-mingw32/lib/../lib/libmingw32.a(lib64_libmingw32_a-merr.o)
 .data          0x0000000000403040        0x0 c:/users/moham/mingw/bin/../lib/gcc/x86_64-w64-mingw32/9.2.0/../../../../x86_64-w64-mingw32/lib/../lib/libmingw32.a(lib64_libmingw32_a-CRT_fp10.o)
 .data          0x0000000000403040        0x0 c:/users/moham/mingw/bin/../lib/gcc/x86_64-w64-mingw32/9.2.0/../../../../x86_64-w64-mingw32/lib/../lib/libmingw32.a(lib64_libmingw32_a-mingw_helpers.o)
 .data          0x0000000000403040        0x0 c:/users/moham/mingw/bin/../lib/gcc/x86_64-w64-mingw32/9.2.0/../../../../x86_64-w64-mingw32/lib/../lib/libmingw32.a(lib64_libmingw32_a-pseudo-reloc.o)
 .data          0x0000000000403040        0x0 c:/users/moham/mingw/bin/../lib/gcc/x86_64-w64-mingw32/9.2.0/../../../../x86_64-w64-mingw32/lib/../lib/libmingw32.a(lib64_libmingw32_a-xtxtmode.o)
 .data          0x0000000000403040        0x0 c:/users/moham/mingw/bin/../lib/gcc/x86_64-w64-mingw32/9.2.0/../../../../x86_64-w64-mingw32/lib/../lib/libmingw32.a(lib64_libmingw32_a-crt_handler.o)
 .data          0x0000000000403040        0x0 c:/users/moham/mingw/bin/../lib/gcc/x86_64-w64-mingw32/9.2.0/../../../../x86_64-w64-mingw32/lib/../lib/libmingw32.a(lib64_libmingw32_a-tlsthrd.o)
 .data          0x0000000000403040       0x10 c:/users/moham/mingw/bin/../lib/gcc/x86_64-w64-mingw32/9.2.0/../../../../x86_64-w64-mingw32/lib/../lib/libmingw32.a(lib64_libmingw32_a-tlsmcrt.o)
                0x0000000000403040                _CRT_MT
 .data          0x0000000000403050        0x0 c:/users/moham/mingw/bin/../lib/gcc/x86_64-w64-mingw32/9.2.0/../../../../x86_64-w64-mingw32/lib/../lib/libmingw32.a(lib64_libmingw32_a-pseudo-reloc-list.o)
 .data          0x0000000000403050        0x0 c:/users/moham/mingw/bin/../lib/gcc/x86_64-w64-mingw32/9.2.0/../../../../x86_64-w64-mingw32/lib/../lib/libmingw32.a(lib64_libmingw32_a-pesect.o)
 .data          0x0000000000403050        0x0 c:/users/moham/mingw/bin/../lib/gcc/x86_64-w64-mingw32/9.2.0/libgcc.a(_chkstk_ms.o)
 .data          0x0000000000403050        0x0 c:/users/moham/mingw/bin/../lib/gcc/x86_64-w64-mingw32/9.2.0/libgcc.a(_ctors.o)
 .data          0x0000000000403050       0x10 c:/users/moham/mingw/bin/../lib/gcc/x86_64-w64-mingw32/9.2.0/../../../../x86_64-w64-mingw32/lib/../lib/libmingwex.a(lib64_libmingwex_a-mingw_matherr.o)
                0x0000000000403050                _MINGW_INSTALL_DEBUG_MATHERR
 .data          0x0000000000403060        0x0 c:/users/moham/mingw/bin/../lib/gcc/x86_64-w64-mingw32/9.2.0/../../../../x86_64-w64-mingw32/lib/../lib/libmsvcrt.a(dhkls01107.o)
 .data          0x0000000000403060        0x0 c:/users/moham/mingw/bin/../lib/gcc/x86_64-w64-mingw32/9.2.0/../../../../x86_64-w64-mingw32/lib/../lib/libmsvcrt.a(dhkls01075.o)
 .data          0x0000000000403060        0x0 c:/users/moham/mingw/bin/../lib/gcc/x86_64-w64-mingw32/9.2.0/../../../../x86_64-w64-mingw32/lib/../lib/libmsvcrt.a(dhkls01072.o)
 .data          0x0000000000403060        0x0 c:/users/moham/mingw/bin/../lib/gcc/x86_64-w64-mingw32/9.2.0/../../../../x86_64-w64-mingw32/lib/../lib/libmsvcrt.a(dhkls01051.o)
 .data          0x0000000000403060        0x0 c:/users/moham/mingw/bin/../lib/gcc/x86_64-w64-mingw32/9.2.0/../../../../x86_64-w64-mingw32/lib/../lib/libmsvcrt.a(dhkls01033.o)
 .data          0x0000000000403060        0x0 c:/users/moham/mingw/bin/../lib/gcc/x86_64-w64-mingw32/9.2.0/../../../../x86_64-w64-mingw32/lib/../lib/libmsvcrt.a(dhkls01021.o)
 .data          0x0000000000403060        0x0 c:/users/moham/mingw/bin/../lib/gcc/x86_64-w64-mingw32/9.2.0/../../../../x86_64-w64-mingw32/lib/../lib/libmsvcrt.a(dhkls01013.o)
 .data          0x0000000000403060        0x0 c:/users/moham/mingw/bin/../lib/gcc/x86_64-w64-mingw32/9.2.0/../../../../x86_64-w64-mingw32/lib/../lib/libmsvcrt.a(dhkls00967.o)
 .data          0x0000000000403060        0x0 c:/users/moham/mingw/bin/../lib/gcc/x86_64-w64-mingw32/9.2.0/../../../../x86_64-w64-mingw32/lib/../lib/libmsvcrt.a(dhkls00956.o)
 .data          0x0000000000403060        0x0 c:/users/moham/mingw/bin/../lib/gcc/x86_64-w64-mingw32/9.2.0/../../../../x86_64-w64-mingw32/lib/../lib/libmsvcrt.a(dhkls00949.o)
 .data          0x0000000000403060        0x0 c:/users/moham/mingw/bin/../lib/gcc/x86_64-w64-mingw32/9.2.0/../../../../x86_64-w64-mingw32/lib/../lib/libmsvcrt.a(dhkls00930.o)
 .data          0x0000000000403060        0x0 c:/users/moham/mingw/bin/../lib/gcc/x86_64-w64-mingw32/9.2.0/../../../../x86_64-w64-mingw32/lib/../lib/libmsvcrt.a(dhkls00917.o)
 .data          0x0000000000403060        0x0 c:/users/moham/mingw/bin/../lib/gcc/x86_64-w64-mingw32/9.2.0/../../../../x86_64-w64-mingw32/lib/../lib/libmsvcrt.a(dhkls00900.o)
 .data          0x0000000000403060        0x0 c:/users/moham/mingw/bin/../lib/gcc/x86_64-w64-mingw32/9.2.0/../../../../x86_64-w64-mingw32/lib/../lib/libmsvcrt.a(dhkls00712.o)
 .data          0x0000000000403060        0x0 c:/users/moham/mingw/bin/../lib/gcc/x86_64-w64-mingw32/9.2.0/../../../../x86_64-w64-mingw32/lib/../lib/libmsvcrt.a(dhkls00552.o)
 .data          0x0000000000403060        0x0 c:/users/moham/mingw/bin/../lib/gcc/x86_64-w64-mingw32/9.2.0/../../../../x86_64-w64-mingw32/lib/../lib/libmsvcrt.a(dhkls00387.o)
 .data          0x0000000000403060        0x0 c:/users/moham/mingw/bin/../lib/gcc/x86_64-w64-mingw32/9.2.0/../../../../x86_64-w64-mingw32/lib/../lib/libmsvcrt.a(dhkls00285.o)
 .data          0x0000000000403060        0x0 c:/users/moham/mingw/bin/../lib/gcc/x86_64-w64-mingw32/9.2.0/../../../../x86_64-w64-mingw32/lib/../lib/libmsvcrt.a(dhkls00219.o)
 .data          0x0000000000403060        0x0 c:/users/moham/mingw/bin/../lib/gcc/x86_64-w64-mingw32/9.2.0/../../../../x86_64-w64-mingw32/lib/../lib/libmsvcrt.a(dhkls00138.o)
 .data          0x0000000000403060        0x0 c:/users/moham/mingw/bin/../lib/gcc/x86_64-w64-mingw32/9.2.0/../../../../x86_64-w64-mingw32/lib/../lib/libmsvcrt.a(dhkls00120.o)
 .data          0x0000000000403060        0x0 c:/users/moham/mingw/bin/../lib/gcc/x86_64-w64-mingw32/9.2.0/../../../../x86_64-w64-mingw32/lib/../lib/libmsvcrt.a(dhkls00113.o)
 .data          0x0000000000403060        0x0 c:/users/moham/mingw/bin/../lib/gcc/x86_64-w64-mingw32/9.2.0/../../../../x86_64-w64-mingw32/lib/../lib/libmsvcrt.a(dhkls00098.o)
 .data          0x0000000000403060        0x0 c:/users/moham/mingw/bin/../lib/gcc/x86_64-w64-mingw32/9.2.0/../../../../x86_64-w64-mingw32/lib/../lib/libmsvcrt.a(dhkls00096.o)
 .data          0x0000000000403060        0x0 c:/users/moham/mingw/bin/../lib/gcc/x86_64-w64-mingw32/9.2.0/../../../../x86_64-w64-mingw32/lib/../lib/libmsvcrt.a(dhkls00090.o)
 .data          0x0000000000403060        0x0 c:/users/moham/mingw/bin/../lib/gcc/x86_64-w64-mingw32/9.2.0/../../../../x86_64-w64-mingw32/lib/../lib/libmsvcrt.a(dhkls00083.o)
 .data          0x0000000000403060        0x0 c:/users/moham/mingw/bin/../lib/gcc/x86_64-w64-mingw32/9.2.0/../../../../x86_64-w64-mingw32/lib/../lib/libmsvcrt.a(dhkls00082.o)
 .data          0x0000000000403060        0x0 c:/users/moham/mingw/bin/../lib/gcc/x86_64-w64-mingw32/9.2.0/../../../../x86_64-w64-mingw32/lib/../lib/libmsvcrt.a(dhkls00081.o)
 .data          0x0000000000403060        0x0 c:/users/moham/mingw/bin/../lib/gcc/x86_64-w64-mingw32/9.2.0/../../../../x86_64-w64-mingw32/lib/../lib/libmsvcrt.a(dhkls00078.o)
 .data          0x0000000000403060        0x0 c:/users/moham/mingw/bin/../lib/gcc/x86_64-w64-mingw32/9.2.0/../../../../x86_64-w64-mingw32/lib/../lib/libmsvcrt.a(dhkls00055.o)
 .data          0x0000000000403060       0x10 c:/users/moham/mingw/bin/../lib/gcc/x86_64-w64-mingw32/9.2.0/../../../../x86_64-w64-mingw32/lib/../lib/libmsvcrt.a(lib64_libmsvcrt_a-invalid_parameter_handler.o)
                0x0000000000403060                __imp__get_invalid_parameter_handler
                0x0000000000403068                __imp__set_invalid_parameter_handler
 .data          0x0000000000403070        0x0 c:/users/moham/mingw/bin/../lib/gcc/x86_64-w64-mingw32/9.2.0/../../../../x86_64-w64-mingw32/lib/../lib/libmsvcrt.a(dhklh.o)
 .data          0x0000000000403070        0x0 c:/users/moham/mingw/bin/../lib/gcc/x86_64-w64-mingw32/9.2.0/../../../../x86_64-w64-mingw32/lib/../lib/libmsvcrt.a(dhklt.o)
 .data          0x0000000000403070        0x0 c:/users/moham/mingw/bin/../lib/gcc/x86_64-w64-mingw32/9.2.0/../../../../x86_64-w64-mingw32/lib/../lib/libkernel32.a(dakls01267.o)
 .data          0x0000000000403070        0x0 c:/users/moham/mingw/bin/../lib/gcc/x86_64-w64-mingw32/9.2.0/../../../../x86_64-w64-mingw32/lib/../lib/libkernel32.a(dakls01265.o)
 .data          0x0000000000403070        0x0 c:/users/moham/mingw/bin/../lib/gcc/x86_64-w64-mingw32/9.2.0/../../../../x86_64-w64-mingw32/lib/../lib/libkernel32.a(dakls01235.o)
 .data          0x0000000000403070        0x0 c:/users/moham/mingw/bin/../lib/gcc/x86_64-w64-mingw32/9.2.0/../../../../x86_64-w64-mingw32/lib/../lib/libkernel32.a(dakls01222.o)
 .data          0x0000000000403070        0x0 c:/users/moham/mingw/bin/../lib/gcc/x86_64-w64-mingw32/9.2.0/../../../../x86_64-w64-mingw32/lib/../lib/libkernel32.a(dakls01215.o)
 .data          0x0000000000403070        0x0 c:/users/moham/mingw/bin/../lib/gcc/x86_64-w64-mingw32/9.2.0/../../../../x86_64-w64-mingw32/lib/../lib/libkernel32.a(dakls01201.o)
 .data          0x0000000000403070        0x0 c:/users/moham/mingw/bin/../lib/gcc/x86_64-w64-mingw32/9.2.0/../../../../x86_64-w64-mingw32/lib/../lib/libkernel32.a(dakls01188.o)
 .data          0x0000000000403070        0x0 c:/users/moham/mingw/bin/../lib/gcc/x86_64-w64-mingw32/9.2.0/../../../../x86_64-w64-mingw32/lib/../lib/libkernel32.a(dakls01045.o)
 .data          0x0000000000403070        0x0 c:/users/moham/mingw/bin/../lib/gcc/x86_64-w64-mingw32/9.2.0/../../../../x86_64-w64-mingw32/lib/../lib/libkernel32.a(dakls01038.o)
 .data          0x0000000000403070        0x0 c:/users/moham/mingw/bin/../lib/gcc/x86_64-w64-mingw32/9.2.0/../../../../x86_64-w64-mingw32/lib/../lib/libkernel32.a(dakls01031.o)
 .data          0x0000000000403070        0x0 c:/users/moham/mingw/bin/../lib/gcc/x86_64-w64-mingw32/9.2.0/../../../../x86_64-w64-mingw32/lib/../lib/libkernel32.a(dakls01030.o)
 .data          0x0000000000403070        0x0 c:/users/moham/mingw/bin/../lib/gcc/x86_64-w64-mingw32/9.2.0/../../../../x86_64-w64-mingw32/lib/../lib/libkernel32.a(dakls00959.o)
 .data          0x0000000000403070        0x0 c:/users/moham/mingw/bin/../lib/gcc/x86_64-w64-mingw32/9.2.0/../../../../x86_64-w64-mingw32/lib/../lib/libkernel32.a(dakls00845.o)
 .data          0x0000000000403070        0x0 c:/users/moham/mingw/bin/../lib/gcc/x86_64-w64-mingw32/9.2.0/../../../../x86_64-w64-mingw32/lib/../lib/libkernel32.a(dakls00763.o)
 .data          0x0000000000403070        0x0 c:/users/moham/mingw/bin/../lib/gcc/x86_64-w64-mingw32/9.2.0/../../../../x86_64-w64-mingw32/lib/../lib/libkernel32.a(dakls00679.o)
 .data          0x0000000000403070        0x0 c:/users/moham/mingw/bin/../lib/gcc/x86_64-w64-mingw32/9.2.0/../../../../x86_64-w64-mingw32/lib/../lib/libkernel32.a(dakls00652.o)
 .data          0x0000000000403070        0x0 c:/users/moham/mingw/bin/../lib/gcc/x86_64-w64-mingw32/9.2.0/../../../../x86_64-w64-mingw32/lib/../lib/libkernel32.a(dakls00629.o)
 .data          0x0000000000403070        0x0 c:/users/moham/mingw/bin/../lib/gcc/x86_64-w64-mingw32/9.2.0/../../../../x86_64-w64-mingw32/lib/../lib/libkernel32.a(dakls00530.o)
 .data          0x0000000000403070        0x0 c:/users/moham/mingw/bin/../lib/gcc/x86_64-w64-mingw32/9.2.0/../../../../x86_64-w64-mingw32/lib/../lib/libkernel32.a(dakls00467.o)
 .data          0x0000000000403070        0x0 c:/users/moham/mingw/bin/../lib/gcc/x86_64-w64-mingw32/9.2.0/../../../../x86_64-w64-mingw32/lib/../lib/libkernel32.a(dakls00463.o)
 .data          0x0000000000403070        0x0 c:/users/moham/mingw/bin/../lib/gcc/x86_64-w64-mingw32/9.2.0/../../../../x86_64-w64-mingw32/lib/../lib/libkernel32.a(dakls00462.o)
 .data          0x0000000000403070        0x0 c:/users/moham/mingw/bin/../lib/gcc/x86_64-w64-mingw32/9.2.0/../../../../x86_64-w64-mingw32/lib/../lib/libkernel32.a(dakls00249.o)
 .data          0x0000000000403070        0x0 c:/users/moham/mingw/bin/../lib/gcc/x86_64-w64-mingw32/9.2.0/../../../../x86_64-w64-mingw32/lib/../lib/libkernel32.a(dakls00216.o)
 .data          0x0000000000403070        0x0 c:/users/moham/mingw/bin/../lib/gcc/x86_64-w64-mingw32/9.2.0/../../../../x86_64-w64-mingw32/lib/../lib/libkernel32.a(daklh.o)
 .data          0x0000000000403070        0x0 c:/users/moham/mingw/bin/../lib/gcc/x86_64-w64-mingw32/9.2.0/../../../../x86_64-w64-mingw32/lib/../lib/libkernel32.a(daklt.o)
 .data          0x0000000000403070        0x0 c:/users/moham/mingw/bin/../lib/gcc/x86_64-w64-mingw32/9.2.0/crtend.o
 *(.data2)
 *(SORT(.data$*))
 .data$__security_cookie
                0x0000000000403070       0x10 c:/users/moham/mingw/bin/../lib/gcc/x86_64-w64-mingw32/9.2.0/../../../../x86_64-w64-mingw32/lib/../lib/libmingw32.a(lib64_libmingw32_a-gs_support.o)
                0x0000000000403070                __security_cookie
 .data$__security_cookie_complement
                0x0000000000403080       0x10 c:/users/moham/mingw/bin/../lib/gcc/x86_64-w64-mingw32/9.2.0/../../../../x86_64-w64-mingw32/lib/../lib/libmingw32.a(lib64_libmingw32_a-gs_support.o)
                0x0000000000403080                __security_cookie_complement
 *(.jcr)
                0x0000000000403090                __data_end__ = .
 *(.data_cygwin_nocopy)

.rdata          0x0000000000404000      0xa00
 *(.rdata)
 .rdata         0x0000000000404000       0x10 c:/users/moham/mingw/bin/../lib/gcc/x86_64-w64-mingw32/9.2.0/../../../../x86_64-w64-mingw32/lib/../lib/libmingw32.a(lib64_libmingw32_a-gs_support.o)
 .rdata         0x0000000000404010       0x10 c:/users/moham/mingw/bin/../lib/gcc/x86_64-w64-mingw32/9.2.0/../../../../x86_64-w64-mingw32/lib/../lib/libmingw32.a(lib64_libmingw32_a-tlssup.o)
                0x0000000000404010                __dyn_tls_init_callback
 .rdata         0x0000000000404020      0x140 c:/users/moham/mingw/bin/../lib/gcc/x86_64-w64-mingw32/9.2.0/../../../../x86_64-w64-mingw32/lib/../lib/libmingw32.a(lib64_libmingw32_a-merr.o)
 .rdata         0x0000000000404160      0x110 c:/users/moham/mingw/bin/../lib/gcc/x86_64-w64-mingw32/9.2.0/../../../../x86_64-w64-mingw32/lib/../lib/libmingw32.a(lib64_libmingw32_a-pseudo-reloc.o)
 .rdata         0x0000000000404270       0x60 c:/users/moham/mingw/bin/../lib/gcc/x86_64-w64-mingw32/9.2.0/../../../../x86_64-w64-mingw32/lib/../lib/libmingw32.a(lib64_libmingw32_a-crt_handler.o)
 *(SORT(.rdata$*))
 .rdata$.refptr._CRT_MT
                0x00000000004042d0       0x10 c:/users/moham/mingw/bin/../lib/gcc/x86_64-w64-mingw32/9.2.0/../../../../x86_64-w64-mingw32/lib/../lib/libmingw32.a(lib64_libmingw32_a-tlssup.o)
                0x00000000004042d0                .refptr._CRT_MT
 .rdata$.refptr._MINGW_INSTALL_DEBUG_MATHERR
                0x00000000004042e0       0x10 c:/users/moham/mingw/bin/../lib/gcc/x86_64-w64-mingw32/9.2.0/../../../../x86_64-w64-mingw32/lib/../lib/crt2.o
                0x00000000004042e0                .refptr._MINGW_INSTALL_DEBUG_MATHERR
 .rdata$.refptr.__CTOR_LIST__
                0x00000000004042f0       0x10 c:/users/moham/mingw/bin/../lib/gcc/x86_64-w64-mingw32/9.2.0/../../../../x86_64-w64-mingw32/lib/../lib/libmingw32.a(lib64_libmingw32_a-gccmain.o)
                0x00000000004042f0                .refptr.__CTOR_LIST__
 .rdata$.refptr.__RUNTIME_PSEUDO_RELOC_LIST_END__
                0x0000000000404300       0x10 c:/users/moham/mingw/bin/../lib/gcc/x86_64-w64-mingw32/9.2.0/../../../../x86_64-w64-mingw32/lib/../lib/libmingw32.a(lib64_libmingw32_a-pseudo-reloc.o)
                0x0000000000404300                .refptr.__RUNTIME_PSEUDO_RELOC_LIST_END__
 .rdata$.refptr.__RUNTIME_PSEUDO_RELOC_LIST__
                0x0000000000404310       0x10 c:/users/moham/mingw/bin/../lib/gcc/x86_64-w64-mingw32/9.2.0/../../../../x86_64-w64-mingw32/lib/../lib/libmingw32.a(lib64_libmingw32_a-pseudo-reloc.o)
                0x0000000000404310                .refptr.__RUNTIME_PSEUDO_RELOC_LIST__
 .rdata$.refptr.__dyn_tls_init_callback
                0x0000000000404320       0x10 c:/users/moham/mingw/bin/../lib/gcc/x86_64-w64-mingw32/9.2.0/../../../../x86_64-w64-mingw32/lib/../lib/crt2.o
                0x0000000000404320                .refptr.__dyn_tls_init_callback
 .rdata$.refptr.__image_base__
                0x0000000000404330       0x10 c:/users/moham/mingw/bin/../lib/gcc/x86_64-w64-mingw32/9.2.0/../../../../x86_64-w64-mingw32/lib/../lib/crt2.o
                0x0000000000404330                .refptr.__image_base__
 .rdata$.refptr.__imp___initenv
                0x0000000000404340       0x10 c:/users/moham/mingw/bin/../lib/gcc/x86_64-w64-mingw32/9.2.0/../../../../x86_64-w64-mingw32/lib/../lib/crt2.o
                0x0000000000404340                .refptr.__imp___initenv
 .rdata$.refptr.__imp__acmdln
                0x0000000000404350       0x10 c:/users/moham/mingw/bin/../lib/gcc/x86_64-w64-mingw32/9.2.0/../../../../x86_64-w64-mingw32/lib/../lib/crt2.o
                0x0000000000404350                .refptr.__imp__acmdln
 .rdata$.refptr.__imp__fmode
                0x0000000000404360       0x10 c:/users/moham/mingw/bin/../lib/gcc/x86_64-w64-mingw32/9.2.0/../../../../x86_64-w64-mingw32/lib/../lib/crt2.o
                0x0000000000404360                .refptr.__imp__fmode
 .rdata$.refptr.__imp__onexit
                0x0000000000404370       0x10 c:/users/moham/mingw/bin/../lib/gcc/x86_64-w64-mingw32/9.2.0/../../../../x86_64-w64-mingw32/lib/../lib/libmingw32.a(lib64_libmingw32_a-atonexit.o)
                0x0000000000404370                .refptr.__imp__onexit
 .rdata$.refptr.__mingw_oldexcpt_handler
                0x0000000000404380       0x10 c:/users/moham/mingw/bin/../lib/gcc/x86_64-w64-mingw32/9.2.0/../../../../x86_64-w64-mingw32/lib/../lib/crt2.o
                0x0000000000404380                .refptr.__mingw_oldexcpt_handler
 .rdata$.refptr.__native_startup_lock
                0x0000000000404390       0x10 c:/users/moham/mingw/bin/../lib/gcc/x86_64-w64-mingw32/9.2.0/../../../../x86_64-w64-mingw32/lib/../lib/crt2.o
                0x0000000000404390                .refptr.__native_startup_lock
 .rdata$.refptr.__native_startup_state
                0x00000000004043a0       0x10 c:/users/moham/mingw/bin/../lib/gcc/x86_64-w64-mingw32/9.2.0/../../../../x86_64-w64-mingw32/lib/../lib/crt2.o
                0x00000000004043a0                .refptr.__native_startup_state
 .rdata$.refptr.__onexitbegin
                0x00000000004043b0       0x10 c:/users/moham/mingw/bin/../lib/gcc/x86_64-w64-mingw32/9.2.0/../../../../x86_64-w64-mingw32/lib/../lib/crt2.o
                0x00000000004043b0                .refptr.__onexitbegin
 .rdata$.refptr.__onexitend
                0x00000000004043c0       0x10 c:/users/moham/mingw/bin/../lib/gcc/x86_64-w64-mingw32/9.2.0/../../../../x86_64-w64-mingw32/lib/../lib/crt2.o
                0x00000000004043c0                .refptr.__onexitend
 .rdata$.refptr.__xc_a
                0x00000000004043d0       0x10 c:/users/moham/mingw/bin/../lib/gcc/x86_64-w64-mingw32/9.2.0/../../../../x86_64-w64-mingw32/lib/../lib/crt2.o
                0x00000000004043d0                .refptr.__xc_a
 .rdata$.refptr.__xc_z
                0x00000000004043e0       0x10 c:/users/moham/mingw/bin/../lib/gcc/x86_64-w64-mingw32/9.2.0/../../../../x86_64-w64-mingw32/lib/../lib/crt2.o
                0x00000000004043e0                .refptr.__xc_z
 .rdata$.refptr.__xi_a
                0x00000000004043f0       0x10 c:/users/moham/mingw/bin/../lib/gcc/x86_64-w64-mingw32/9.2.0/../../../../x86_64-w64-mingw32/lib/../lib/crt2.o
                0x00000000004043f0                .refptr.__xi_a
 .rdata$.refptr.__xi_z
                0x0000000000404400       0x10 c:/users/moham/mingw/bin/../lib/gcc/x86_64-w64-mingw32/9.2.0/../../../../x86_64-w64-mingw32/lib/../lib/crt2.o
                0x0000000000404400                .refptr.__xi_z
 .rdata$.refptr._dowildcard
                0x0000000000404410       0x10 c:/users/moham/mingw/bin/../lib/gcc/x86_64-w64-mingw32/9.2.0/../../../../x86_64-w64-mingw32/lib/../lib/crt2.o
                0x0000000000404410                .refptr._dowildcard
 .rdata$.refptr._fmode
                0x0000000000404420       0x10 c:/users/moham/mingw/bin/../lib/gcc/x86_64-w64-mingw32/9.2.0/../../../../x86_64-w64-mingw32/lib/../lib/crt2.o
                0x0000000000404420                .refptr._fmode
 .rdata$.refptr._gnu_exception_handler
                0x0000000000404430       0x10 c:/users/moham/mingw/bin/../lib/gcc/x86_64-w64-mingw32/9.2.0/../../../../x86_64-w64-mingw32/lib/../lib/crt2.o
                0x0000000000404430                .refptr._gnu_exception_handler
 .rdata$.refptr._matherr
                0x0000000000404440       0x10 c:/users/moham/mingw/bin/../lib/gcc/x86_64-w64-mingw32/9.2.0/../../../../x86_64-w64-mingw32/lib/../lib/crt2.o
                0x0000000000404440                .refptr._matherr
 .rdata$.refptr._newmode
                0x0000000000404450       0x10 c:/users/moham/mingw/bin/../lib/gcc/x86_64-w64-mingw32/9.2.0/../../../../x86_64-w64-mingw32/lib/../lib/crt2.o
                0x0000000000404450                .refptr._newmode
 .rdata$.refptr.mingw_app_type
                0x0000000000404460       0x10 c:/users/moham/mingw/bin/../lib/gcc/x86_64-w64-mingw32/9.2.0/../../../../x86_64-w64-mingw32/lib/../lib/crt2.o
                0x0000000000404460                .refptr.mingw_app_type
 .rdata$.refptr.mingw_initcharmax
                0x0000000000404470       0x10 c:/users/moham/mingw/bin/../lib/gcc/x86_64-w64-mingw32/9.2.0/../../../../x86_64-w64-mingw32/lib/../lib/crt2.o
                0x0000000000404470                .refptr.mingw_initcharmax
 .rdata$.refptr.mingw_initltsdrot_force
                0x0000000000404480       0x10 c:/users/moham/mingw/bin/../lib/gcc/x86_64-w64-mingw32/9.2.0/../../../../x86_64-w64-mingw32/lib/../lib/crt2.o
                0x0000000000404480                .refptr.mingw_initltsdrot_force
 .rdata$.refptr.mingw_initltsdyn_force
                0x0000000000404490       0x10 c:/users/moham/mingw/bin/../lib/gcc/x86_64-w64-mingw32/9.2.0/../../../../x86_64-w64-mingw32/lib/../lib/crt2.o
                0x0000000000404490                .refptr.mingw_initltsdyn_force
 .rdata$.refptr.mingw_initltssuo_force
                0x00000000004044a0       0x10 c:/users/moham/mingw/bin/../lib/gcc/x86_64-w64-mingw32/9.2.0/../../../../x86_64-w64-mingw32/lib/../lib/crt2.o
                0x00000000004044a0                .refptr.mingw_initltssuo_force
 .rdata$zzz     0x00000000004044b0       0x30 c:/users/moham/mingw/bin/../lib/gcc/x86_64-w64-mingw32/9.2.0/../../../../x86_64-w64-mingw32/lib/../lib/crt2.o
 .rdata$zzz     0x00000000004044e0       0x30 c:/users/moham/mingw/bin/../lib/gcc/x86_64-w64-mingw32/9.2.0/crtbegin.o
 .rdata$zzz     0x0000000000404510       0x20 main.o
 .rdata$zzz     0x0000000000404530       0x20 memory.o
 .rdata$zzz     0x0000000000404550       0x30 c:/users/moham/mingw/bin/../lib/gcc/x86_64-w64-mingw32/9.2.0/../../../../x86_64-w64-mingw32/lib/../lib/libmingw32.a(lib64_libmingw32_a-atonexit.o)
 .rdata$zzz     0x0000000000404580       0x30 c:/users/moham/mingw/bin/../lib/gcc/x86_64-w64-mingw32/9.2.0/../../../../x86_64-w64-mingw32/lib/../lib/libmingw32.a(lib64_libmingw32_a-gccmain.o)
 .rdata$zzz     0x00000000004045b0       0x30 c:/users/moham/mingw/bin/../lib/gcc/x86_64-w64-mingw32/9.2.0/../../../../x86_64-w64-mingw32/lib/../lib/libmingw32.a(lib64_libmingw32_a-natstart.o)
 .rdata$zzz     0x00000000004045e0       0x30 c:/users/moham/mingw/bin/../lib/gcc/x86_64-w64-mingw32/9.2.0/../../../../x86_64-w64-mingw32/lib/../lib/libmingw32.a(lib64_libmingw32_a-wildcard.o)
 .rdata$zzz     0x0000000000404610       0x30 c:/users/moham/mingw/bin/../lib/gcc/x86_64-w64-mingw32/9.2.0/../../../../x86_64-w64-mingw32/lib/../lib/libmingw32.a(lib64_libmingw32_a-charmax.o)
 .rdata$zzz     0x0000000000404640       0x30 c:/users/moham/mingw/bin/../lib/gcc/x86_64-w64-mingw32/9.2.0/../../../../x86_64-w64-mingw32/lib/../lib/libmingw32.a(lib64_libmingw32_a-dllargv.o)
 .rdata$zzz     0x0000000000404670       0x30 c:/users/moham/mingw/bin/../lib/gcc/x86_64-w64-mingw32/9.2.0/../../../../x86_64-w64-mingw32/lib/../lib/libmingw32.a(lib64_libmingw32_a-gs_support.o)
 .rdata$zzz     0x00000000004046a0       0x30 c:/users/moham/mingw/bin/../lib/gcc/x86_64-w64-mingw32/9.2.0/../../../../x86_64-w64-mingw32/lib/../lib/libmingw32.a(lib64_libmingw32_a-_newmode.o)
 .rdata$zzz     0x00000000004046d0       0x30 c:/users/moham/mingw/bin/../lib/gcc/x86_64-w64-mingw32/9.2.0/../../../../x86_64-w64-mingw32/lib/../lib/libmingw32.a(lib64_libmingw32_a-tlssup.o)
 .rdata$zzz     0x0000000000404700       0x30 c:/users/moham/mingw/bin/../lib/gcc/x86_64-w64-mingw32/9.2.0/../../../../x86_64-w64-mingw32/lib/../lib/libmingw32.a(lib64_libmingw32_a-cinitexe.o)
 .rdata$zzz     0x0000000000404730       0x30 c:/users/moham/mingw/bin/../lib/gcc/x86_64-w64-mingw32/9.2.0/../../../../x86_64-w64-mingw32/lib/../lib/libmingw32.a(lib64_libmingw32_a-merr.o)
 .rdata$zzz     0x0000000000404760       0x30 c:/users/moham/mingw/bin/../lib/gcc/x86_64-w64-mingw32/9.2.0/../../../../x86_64-w64-mingw32/lib/../lib/libmingw32.a(lib64_libmingw32_a-CRT_fp10.o)
 .rdata$zzz     0x0000000000404790       0x30 c:/users/moham/mingw/bin/../lib/gcc/x86_64-w64-mingw32/9.2.0/../../../../x86_64-w64-mingw32/lib/../lib/libmingw32.a(lib64_libmingw32_a-mingw_helpers.o)
 .rdata$zzz     0x00000000004047c0       0x30 c:/users/moham/mingw/bin/../lib/gcc/x86_64-w64-mingw32/9.2.0/../../../../x86_64-w64-mingw32/lib/../lib/libmingw32.a(lib64_libmingw32_a-pseudo-reloc.o)
 .rdata$zzz     0x00000000004047f0       0x30 c:/users/moham/mingw/bin/../lib/gcc/x86_64-w64-mingw32/9.2.0/../../../../x86_64-w64-mingw32/lib/../lib/libmingw32.a(lib64_libmingw32_a-xtxtmode.o)
 .rdata$zzz     0x0000000000404820       0x30 c:/users/moham/mingw/bin/../lib/gcc/x86_64-w64-mingw32/9.2.0/../../../../x86_64-w64-mingw32/lib/../lib/libmingw32.a(lib64_libmingw32_a-crt_handler.o)
 .rdata$zzz     0x0000000000404850       0x30 c:/users/moham/mingw/bin/../lib/gcc/x86_64-w64-mingw32/9.2.0/../../../../x86_64-w64-mingw32/lib/../lib/libmingw32.a(lib64_libmingw32_a-tlsthrd.o)
 .rdata$zzz     0x0000000000404880       0x30 c:/users/moham/mingw/bin/../lib/gcc/x86_64-w64-mingw32/9.2.0/../../../../x86_64-w64-mingw32/lib/../lib/libmingw32.a(lib64_libmingw32_a-tlsmcrt.o)
 .rdata$zzz     0x00000000004048b0       0x30 c:/users/moham/mingw/bin/../lib/gcc/x86_64-w64-mingw32/9.2.0/../../../../x86_64-w64-mingw32/lib/../lib/libmingw32.a(lib64_libmingw32_a-pseudo-reloc-list.o)
 .rdata$zzz     0x00000000004048e0       0x30 c:/users/moham/mingw/bin/../lib/gcc/x86_64-w64-mingw32/9.2.0/../../../../x86_64-w64-mingw32/lib/../lib/libmingw32.a(lib64_libmingw32_a-pesect.o)
 .rdata$zzz     0x0000000000404910       0x30 c:/users/moham/mingw/bin/../lib/gcc/x86_64-w64-mingw32/9.2.0/libgcc.a(_ctors.o)
 .rdata$zzz     0x0000000000404940       0x30 c:/users/moham/mingw/bin/../lib/gcc/x86_64-w64-mingw32/9.2.0/../../../../x86_64-w64-mingw32/lib/../lib/libmingwex.a(lib64_libmingwex_a-mingw_matherr.o)
 .rdata$zzz     0x0000000000404970       0x30 c:/users/moham/mingw/bin/../lib/gcc/x86_64-w64-mingw32/9.2.0/../../../../x86_64-w64-mingw32/lib/../lib/libmsvcrt.a(lib64_libmsvcrt_a-invalid_parameter_handler.o)
 .rdata$zzz     0x00000000004049a0       0x30 c:/users/moham/mingw/bin/../lib/gcc/x86_64-w64-mingw32/9.2.0/crtend.o
                0x00000000004049d0                __rt_psrelocs_start = .
 *(.rdata_runtime_pseudo_reloc)
                0x00000000004049d0                __rt_psrelocs_end = .
                0x0000000000000000                __rt_psrelocs_size = (__rt_psrelocs_end - __rt_psrelocs_start)
                0x00000000004049d0                ___RUNTIME_PSEUDO_RELOC_LIST_END__ = .
                0x00000000004049d0                __RUNTIME_PSEUDO_RELOC_LIST_END__ = .
                0x00000000004049d0                ___RUNTIME_PSEUDO_RELOC_LIST__ = (. - __rt_psrelocs_size)
                0x00000000004049d0                __RUNTIME_PSEUDO_RELOC_LIST__ = (. - __rt_psrelocs_size)

.eh_frame
 *(.eh_frame*)

.pdata          0x0000000000405000      0x400
 *(.pdata*)
 .pdata         0x0000000000405000       0x48 c:/users/moham/mingw/bin/../lib/gcc/x86_64-w64-mingw32/9.2.0/../../../../x86_64-w64-mingw32/lib/../lib/crt2.o
 .pdata         0x0000000000405048       0x18 c:/users/moham/mingw/bin/../lib/gcc/x86_64-w64-mingw32/9.2.0/crtbegin.o
 .pdata         0x0000000000405060        0xc main.o
 .pdata         0x000000000040506c       0x3c memory.o
 .pdata         0x00000000004050a8       0x18 c:/users/moham/mingw/bin/../lib/gcc/x86_64-w64-mingw32/9.2.0/../../../../x86_64-w64-mingw32/lib/../lib/libmingw32.a(lib64_libmingw32_a-atonexit.o)
 .pdata         0x00000000004050c0       0x24 c:/users/moham/mingw/bin/../lib/gcc/x86_64-w64-mingw32/9.2.0/../../../../x86_64-w64-mingw32/lib/../lib/libmingw32.a(lib64_libmingw32_a-gccmain.o)
 .pdata         0x00000000004050e4        0xc c:/users/moham/mingw/bin/../lib/gcc/x86_64-w64-mingw32/9.2.0/../../../../x86_64-w64-mingw32/lib/../lib/libmingw32.a(lib64_libmingw32_a-charmax.o)
 .pdata         0x00000000004050f0        0xc c:/users/moham/mingw/bin/../lib/gcc/x86_64-w64-mingw32/9.2.0/../../../../x86_64-w64-mingw32/lib/../lib/libmingw32.a(lib64_libmingw32_a-dllargv.o)
 .pdata         0x00000000004050fc       0x18 c:/users/moham/mingw/bin/../lib/gcc/x86_64-w64-mingw32/9.2.0/../../../../x86_64-w64-mingw32/lib/../lib/libmingw32.a(lib64_libmingw32_a-gs_support.o)
 .pdata         0x0000000000405114       0x24 c:/users/moham/mingw/bin/../lib/gcc/x86_64-w64-mingw32/9.2.0/../../../../x86_64-w64-mingw32/lib/../lib/libmingw32.a(lib64_libmingw32_a-tlssup.o)
 .pdata         0x0000000000405138       0x24 c:/users/moham/mingw/bin/../lib/gcc/x86_64-w64-mingw32/9.2.0/../../../../x86_64-w64-mingw32/lib/../lib/libmingw32.a(lib64_libmingw32_a-merr.o)
 .pdata         0x000000000040515c        0xc c:/users/moham/mingw/bin/../lib/gcc/x86_64-w64-mingw32/9.2.0/../../../../x86_64-w64-mingw32/lib/../lib/libmingw32.a(lib64_libmingw32_a-CRT_fp10.o)
 .pdata         0x0000000000405168       0x18 c:/users/moham/mingw/bin/../lib/gcc/x86_64-w64-mingw32/9.2.0/../../../../x86_64-w64-mingw32/lib/../lib/libmingw32.a(lib64_libmingw32_a-mingw_helpers.o)
 .pdata         0x0000000000405180       0x24 c:/users/moham/mingw/bin/../lib/gcc/x86_64-w64-mingw32/9.2.0/../../../../x86_64-w64-mingw32/lib/../lib/libmingw32.a(lib64_libmingw32_a-pseudo-reloc.o)
 .pdata         0x00000000004051a4       0x24 c:/users/moham/mingw/bin/../lib/gcc/x86_64-w64-mingw32/9.2.0/../../../../x86_64-w64-mingw32/lib/../lib/libmingw32.a(lib64_libmingw32_a-crt_handler.o)
 .pdata         0x00000000004051c8       0x24 c:/users/moham/mingw/bin/../lib/gcc/x86_64-w64-mingw32/9.2.0/../../../../x86_64-w64-mingw32/lib/../lib/libmingw32.a(lib64_libmingw32_a-tlsthrd.o)
 .pdata         0x00000000004051ec       0x6c c:/users/moham/mingw/bin/../lib/gcc/x86_64-w64-mingw32/9.2.0/../../../../x86_64-w64-mingw32/lib/../lib/libmingw32.a(lib64_libmingw32_a-pesect.o)
 .pdata         0x0000000000405258       0x18 c:/users/moham/mingw/bin/../lib/gcc/x86_64-w64-mingw32/9.2.0/../../../../x86_64-w64-mingw32/lib/../lib/libmsvcrt.a(lib64_libmsvcrt_a-invalid_parameter_handler.o)
 .pdata.startup
                0x0000000000405270        0xc c:/users/moham/mingw/bin/../lib/gcc/x86_64-w64-mingw32/9.2.0/crtend.o

.xdata          0x0000000000406000      0x200
 *(.xdata*)
 .xdata         0x0000000000406000       0x68 c:/users/moham/mingw/bin/../lib/gcc/x86_64-w64-mingw32/9.2.0/../../../../x86_64-w64-mingw32/lib/../lib/crt2.o
 .xdata         0x0000000000406068        0x8 c:/users/moham/mingw/bin/../lib/gcc/x86_64-w64-mingw32/9.2.0/crtbegin.o
 .xdata         0x0000000000406070        0xc main.o
 .xdata         0x000000000040607c       0x34 memory.o
 .xdata         0x00000000004060b0       0x10 c:/users/moham/mingw/bin/../lib/gcc/x86_64-w64-mingw32/9.2.0/../../../../x86_64-w64-mingw32/lib/../lib/libmingw32.a(lib64_libmingw32_a-atonexit.o)
 .xdata         0x00000000004060c0       0x20 c:/users/moham/mingw/bin/../lib/gcc/x86_64-w64-mingw32/9.2.0/../../../../x86_64-w64-mingw32/lib/../lib/libmingw32.a(lib64_libmingw32_a-gccmain.o)
 .xdata         0x00000000004060e0        0x4 c:/users/moham/mingw/bin/../lib/gcc/x86_64-w64-mingw32/9.2.0/../../../../x86_64-w64-mingw32/lib/../lib/libmingw32.a(lib64_libmingw32_a-charmax.o)
 .xdata         0x00000000004060e4        0x4 c:/users/moham/mingw/bin/../lib/gcc/x86_64-w64-mingw32/9.2.0/../../../../x86_64-w64-mingw32/lib/../lib/libmingw32.a(lib64_libmingw32_a-dllargv.o)
 .xdata         0x00000000004060e8       0x20 c:/users/moham/mingw/bin/../lib/gcc/x86_64-w64-mingw32/9.2.0/../../../../x86_64-w64-mingw32/lib/../lib/libmingw32.a(lib64_libmingw32_a-gs_support.o)
 .xdata         0x0000000000406108       0x18 c:/users/moham/mingw/bin/../lib/gcc/x86_64-w64-mingw32/9.2.0/../../../../x86_64-w64-mingw32/lib/../lib/libmingw32.a(lib64_libmingw32_a-tlssup.o)
 .xdata         0x0000000000406120       0x24 c:/users/moham/mingw/bin/../lib/gcc/x86_64-w64-mingw32/9.2.0/../../../../x86_64-w64-mingw32/lib/../lib/libmingw32.a(lib64_libmingw32_a-merr.o)
 .xdata         0x0000000000406144        0x4 c:/users/moham/mingw/bin/../lib/gcc/x86_64-w64-mingw32/9.2.0/../../../../x86_64-w64-mingw32/lib/../lib/libmingw32.a(lib64_libmingw32_a-CRT_fp10.o)
 .xdata         0x0000000000406148        0x8 c:/users/moham/mingw/bin/../lib/gcc/x86_64-w64-mingw32/9.2.0/../../../../x86_64-w64-mingw32/lib/../lib/libmingw32.a(lib64_libmingw32_a-mingw_helpers.o)
 .xdata         0x0000000000406150       0x30 c:/users/moham/mingw/bin/../lib/gcc/x86_64-w64-mingw32/9.2.0/../../../../x86_64-w64-mingw32/lib/../lib/libmingw32.a(lib64_libmingw32_a-pseudo-reloc.o)
 .xdata         0x0000000000406180       0x20 c:/users/moham/mingw/bin/../lib/gcc/x86_64-w64-mingw32/9.2.0/../../../../x86_64-w64-mingw32/lib/../lib/libmingw32.a(lib64_libmingw32_a-crt_handler.o)
 .xdata         0x00000000004061a0       0x24 c:/users/moham/mingw/bin/../lib/gcc/x86_64-w64-mingw32/9.2.0/../../../../x86_64-w64-mingw32/lib/../lib/libmingw32.a(lib64_libmingw32_a-tlsthrd.o)
 .xdata         0x00000000004061c4       0x2c c:/users/moham/mingw/bin/../lib/gcc/x86_64-w64-mingw32/9.2.0/../../../../x86_64-w64-mingw32/lib/../lib/libmingw32.a(lib64_libmingw32_a-pesect.o)
 .xdata         0x00000000004061f0        0x8 c:/users/moham/mingw/bin/../lib/gcc/x86_64-w64-mingw32/9.2.0/../../../../x86_64-w64-mingw32/lib/../lib/libmsvcrt.a(lib64_libmsvcrt_a-invalid_parameter_handler.o)
 .xdata.startup
                0x00000000004061f8        0x4 c:/users/moham/mingw/bin/../lib/gcc/x86_64-w64-mingw32/9.2.0/crtend.o

.bss            0x0000000000407000      0x9c0
                0x0000000000407000                __bss_start__ = .
 *(.bss)
 .bss           0x0000000000407000       0x30 c:/users/moham/mingw/bin/../lib/gcc/x86_64-w64-mingw32/9.2.0/../../../../x86_64-w64-mingw32/lib/../lib/crt2.o
 .bss           0x0000000000407030        0x0 c:/users/moham/mingw/bin/../lib/gcc/x86_64-w64-mingw32/9.2.0/crtbegin.o
 .bss           0x0000000000407030        0x0 main.o
 .bss           0x0000000000407030        0x0 memory.o
 .bss           0x0000000000407030        0x0 c:/users/moham/mingw/bin/../lib/gcc/x86_64-w64-mingw32/9.2.0/../../../../x86_64-w64-mingw32/lib/../lib/libmingw32.a(lib64_libmingw32_a-atonexit.o)
 .bss           0x0000000000407030       0x10 c:/users/moham/mingw/bin/../lib/gcc/x86_64-w64-mingw32/9.2.0/../../../../x86_64-w64-mingw32/lib/../lib/libmingw32.a(lib64_libmingw32_a-gccmain.o)
 .bss           0x0000000000407040        0x0 c:/users/moham/mingw/bin/../lib/gcc/x86_64-w64-mingw32/9.2.0/../../../../x86_64-w64-mingw32/lib/../lib/libmingw32.a(lib64_libmingw32_a-natstart.o)
 .bss           0x0000000000407040       0x10 c:/users/moham/mingw/bin/../lib/gcc/x86_64-w64-mingw32/9.2.0/../../../../x86_64-w64-mingw32/lib/../lib/libmingw32.a(lib64_libmingw32_a-wildcard.o)
                0x0000000000407040                _dowildcard
 .bss           0x0000000000407050       0x10 c:/users/moham/mingw/bin/../lib/gcc/x86_64-w64-mingw32/9.2.0/../../../../x86_64-w64-mingw32/lib/../lib/libmingw32.a(lib64_libmingw32_a-charmax.o)
                0x0000000000407050                mingw_initcharmax
 .bss           0x0000000000407060        0x0 c:/users/moham/mingw/bin/../lib/gcc/x86_64-w64-mingw32/9.2.0/../../../../x86_64-w64-mingw32/lib/../lib/libmingw32.a(lib64_libmingw32_a-dllargv.o)
 .bss           0x0000000000407060      0x580 c:/users/moham/mingw/bin/../lib/gcc/x86_64-w64-mingw32/9.2.0/../../../../x86_64-w64-mingw32/lib/../lib/libmingw32.a(lib64_libmingw32_a-gs_support.o)
 .bss           0x00000000004075e0       0x10 c:/users/moham/mingw/bin/../lib/gcc/x86_64-w64-mingw32/9.2.0/../../../../x86_64-w64-mingw32/lib/../lib/libmingw32.a(lib64_libmingw32_a-_newmode.o)
                0x00000000004075e0                _newmode
 .bss           0x00000000004075f0       0x10 c:/users/moham/mingw/bin/../lib/gcc/x86_64-w64-mingw32/9.2.0/../../../../x86_64-w64-mingw32/lib/../lib/libmingw32.a(lib64_libmingw32_a-tlssup.o)
                0x00000000004075f0                mingw_initltssuo_force
                0x00000000004075f4                mingw_initltsdyn_force
                0x00000000004075f8                mingw_initltsdrot_force
                0x00000000004075fc                _tls_index
 .bss           0x0000000000407600        0x0 c:/users/moham/mingw/bin/../lib/gcc/x86_64-w64-mingw32/9.2.0/../../../../x86_64-w64-mingw32/lib/../lib/libmingw32.a(lib64_libmingw32_a-cinitexe.o)
 .bss           0x0000000000407600       0x10 c:/users/moham/mingw/bin/../lib/gcc/x86_64-w64-mingw32/9.2.0/../../../../x86_64-w64-mingw32/lib/../lib/libmingw32.a(lib64_libmingw32_a-merr.o)
 .bss           0x0000000000407610        0x0 c:/users/moham/mingw/bin/../lib/gcc/x86_64-w64-mingw32/9.2.0/../../../../x86_64-w64-mingw32/lib/../lib/libmingw32.a(lib64_libmingw32_a-CRT_fp10.o)
 .bss           0x0000000000407610       0x10 c:/users/moham/mingw/bin/../lib/gcc/x86_64-w64-mingw32/9.2.0/../../../../x86_64-w64-mingw32/lib/../lib/libmingw32.a(lib64_libmingw32_a-mingw_helpers.o)
                0x0000000000407610                mingw_app_type
 .bss           0x0000000000407620       0x10 c:/users/moham/mingw/bin/../lib/gcc/x86_64-w64-mingw32/9.2.0/../../../../x86_64-w64-mingw32/lib/../lib/libmingw32.a(lib64_libmingw32_a-pseudo-reloc.o)
 .bss           0x0000000000407630       0x10 c:/users/moham/mingw/bin/../lib/gcc/x86_64-w64-mingw32/9.2.0/../../../../x86_64-w64-mingw32/lib/../lib/libmingw32.a(lib64_libmingw32_a-xtxtmode.o)
                0x0000000000407630                _fmode
 .bss           0x0000000000407640      0x2a0 c:/users/moham/mingw/bin/../lib/gcc/x86_64-w64-mingw32/9.2.0/../../../../x86_64-w64-mingw32/lib/../lib/libmingw32.a(lib64_libmingw32_a-crt_handler.o)
                0x0000000000407640                __mingw_oldexcpt_handler
 .bss           0x00000000004078e0       0x60 c:/users/moham/mingw/bin/../lib/gcc/x86_64-w64-mingw32/9.2.0/../../../../x86_64-w64-mingw32/lib/../lib/libmingw32.a(lib64_libmingw32_a-tlsthrd.o)
 .bss           0x0000000000407940        0x0 c:/users/moham/mingw/bin/../lib/gcc/x86_64-w64-mingw32/9.2.0/../../../../x86_64-w64-mingw32/lib/../lib/libmingw32.a(lib64_libmingw32_a-tlsmcrt.o)
 .bss           0x0000000000407940       0x10 c:/users/moham/mingw/bin/../lib/gcc/x86_64-w64-mingw32/9.2.0/../../../../x86_64-w64-mingw32/lib/../lib/libmingw32.a(lib64_libmingw32_a-pseudo-reloc-list.o)
 .bss           0x0000000000407950        0x0 c:/users/moham/mingw/bin/../lib/gcc/x86_64-w64-mingw32/9.2.0/../../../../x86_64-w64-mingw32/lib/../lib/libmingw32.a(lib64_libmingw32_a-pesect.o)
 .bss           0x0000000000407950        0x0 c:/users/moham/mingw/bin/../lib/gcc/x86_64-w64-mingw32/9.2.0/libgcc.a(_chkstk_ms.o)
 .bss           0x0000000000407950        0x0 c:/users/moham/mingw/bin/../lib/gcc/x86_64-w64-mingw32/9.2.0/libgcc.a(_ctors.o)
 .bss           0x0000000000407950        0x0 c:/users/moham/mingw/bin/../lib/gcc/x86_64-w64-mingw32/9.2.0/../../../../x86_64-w64-mingw32/lib/../lib/libmingwex.a(lib64_libmingwex_a-mingw_matherr.o)
 .bss           0x0000000000407950        0x0 c:/users/moham/mingw/bin/../lib/gcc/x86_64-w64-mingw32/9.2.0/../../../../x86_64-w64-mingw32/lib/../lib/libmsvcrt.a(dhkls01107.o)
 .bss           0x0000000000407950        0x0 c:/users/moham/mingw/bin/../lib/gcc/x86_64-w64-mingw32/9.2.0/../../../../x86_64-w64-mingw32/lib/../lib/libmsvcrt.a(dhkls01075.o)
 .bss           0x0000000000407950        0x0 c:/users/moham/mingw/bin/../lib/gcc/x86_64-w64-mingw32/9.2.0/../../../../x86_64-w64-mingw32/lib/../lib/libmsvcrt.a(dhkls01072.o)
 .bss           0x0000000000407950        0x0 c:/users/moham/mingw/bin/../lib/gcc/x86_64-w64-mingw32/9.2.0/../../../../x86_64-w64-mingw32/lib/../lib/libmsvcrt.a(dhkls01051.o)
 .bss           0x0000000000407950        0x0 c:/users/moham/mingw/bin/../lib/gcc/x86_64-w64-mingw32/9.2.0/../../../../x86_64-w64-mingw32/lib/../lib/libmsvcrt.a(dhkls01033.o)
 .bss           0x0000000000407950        0x0 c:/users/moham/mingw/bin/../lib/gcc/x86_64-w64-mingw32/9.2.0/../../../../x86_64-w64-mingw32/lib/../lib/libmsvcrt.a(dhkls01021.o)
 .bss           0x0000000000407950        0x0 c:/users/moham/mingw/bin/../lib/gcc/x86_64-w64-mingw32/9.2.0/../../../../x86_64-w64-mingw32/lib/../lib/libmsvcrt.a(dhkls01013.o)
 .bss           0x0000000000407950        0x0 c:/users/moham/mingw/bin/../lib/gcc/x86_64-w64-mingw32/9.2.0/../../../../x86_64-w64-mingw32/lib/../lib/libmsvcrt.a(dhkls00967.o)
 .bss           0x0000000000407950        0x0 c:/users/moham/mingw/bin/../lib/gcc/x86_64-w64-mingw32/9.2.0/../../../../x86_64-w64-mingw32/lib/../lib/libmsvcrt.a(dhkls00956.o)
 .bss           0x0000000000407950        0x0 c:/users/moham/mingw/bin/../lib/gcc/x86_64-w64-mingw32/9.2.0/../../../../x86_64-w64-mingw32/lib/../lib/libmsvcrt.a(dhkls00949.o)
 .bss           0x0000000000407950        0x0 c:/users/moham/mingw/bin/../lib/gcc/x86_64-w64-mingw32/9.2.0/../../../../x86_64-w64-mingw32/lib/../lib/libmsvcrt.a(dhkls00930.o)
 .bss           0x0000000000407950        0x0 c:/users/moham/mingw/bin/../lib/gcc/x86_64-w64-mingw32/9.2.0/../../../../x86_64-w64-mingw32/lib/../lib/libmsvcrt.a(dhkls00917.o)
 .bss           0x0000000000407950        0x0 c:/users/moham/mingw/bin/../lib/gcc/x86_64-w64-mingw32/9.2.0/../../../../x86_64-w64-mingw32/lib/../lib/libmsvcrt.a(dhkls00900.o)
 .bss           0x0000000000407950        0x0 c:/users/moham/mingw/bin/../lib/gcc/x86_64-w64-mingw32/9.2.0/../../../../x86_64-w64-mingw32/lib/../lib/libmsvcrt.a(dhkls00712.o)
 .bss           0x0000000000407950        0x0 c:/users/moham/mingw/bin/../lib/gcc/x86_64-w64-mingw32/9.2.0/../../../../x86_64-w64-mingw32/lib/../lib/libmsvcrt.a(dhkls00552.o)
 .bss           0x0000000000407950        0x0 c:/users/moham/mingw/bin/../lib/gcc/x86_64-w64-mingw32/9.2.0/../../../../x86_64-w64-mingw32/lib/../lib/libmsvcrt.a(dhkls00387.o)
 .bss           0x0000000000407950        0x0 c:/users/moham/mingw/bin/../lib/gcc/x86_64-w64-mingw32/9.2.0/../../../../x86_64-w64-mingw32/lib/../lib/libmsvcrt.a(dhkls00285.o)
 .bss           0x0000000000407950        0x0 c:/users/moham/mingw/bin/../lib/gcc/x86_64-w64-mingw32/9.2.0/../../../../x86_64-w64-mingw32/lib/../lib/libmsvcrt.a(dhkls00219.o)
 .bss           0x0000000000407950        0x0 c:/users/moham/mingw/bin/../lib/gcc/x86_64-w64-mingw32/9.2.0/../../../../x86_64-w64-mingw32/lib/../lib/libmsvcrt.a(dhkls00138.o)
 .bss           0x0000000000407950        0x0 c:/users/moham/mingw/bin/../lib/gcc/x86_64-w64-mingw32/9.2.0/../../../../x86_64-w64-mingw32/lib/../lib/libmsvcrt.a(dhkls00120.o)
 .bss           0x0000000000407950        0x0 c:/users/moham/mingw/bin/../lib/gcc/x86_64-w64-mingw32/9.2.0/../../../../x86_64-w64-mingw32/lib/../lib/libmsvcrt.a(dhkls00113.o)
 .bss           0x0000000000407950        0x0 c:/users/moham/mingw/bin/../lib/gcc/x86_64-w64-mingw32/9.2.0/../../../../x86_64-w64-mingw32/lib/../lib/libmsvcrt.a(dhkls00098.o)
 .bss           0x0000000000407950        0x0 c:/users/moham/mingw/bin/../lib/gcc/x86_64-w64-mingw32/9.2.0/../../../../x86_64-w64-mingw32/lib/../lib/libmsvcrt.a(dhkls00096.o)
 .bss           0x0000000000407950        0x0 c:/users/moham/mingw/bin/../lib/gcc/x86_64-w64-mingw32/9.2.0/../../../../x86_64-w64-mingw32/lib/../lib/libmsvcrt.a(dhkls00090.o)
 .bss           0x0000000000407950        0x0 c:/users/moham/mingw/bin/../lib/gcc/x86_64-w64-mingw32/9.2.0/../../../../x86_64-w64-mingw32/lib/../lib/libmsvcrt.a(dhkls00083.o)
 .bss           0x0000000000407950        0x0 c:/users/moham/mingw/bin/../lib/gcc/x86_64-w64-mingw32/9.2.0/../../../../x86_64-w64-mingw32/lib/../lib/libmsvcrt.a(dhkls00082.o)
 .bss           0x0000000000407950        0x0 c:/users/moham/mingw/bin/../lib/gcc/x86_64-w64-mingw32/9.2.0/../../../../x86_64-w64-mingw32/lib/../lib/libmsvcrt.a(dhkls00081.o)
 .bss           0x0000000000407950        0x0 c:/users/moham/mingw/bin/../lib/gcc/x86_64-w64-mingw32/9.2.0/../../../../x86_64-w64-mingw32/lib/../lib/libmsvcrt.a(dhkls00078.o)
 .bss           0x0000000000407950        0x0 c:/users/moham/mingw/bin/../lib/gcc/x86_64-w64-mingw32/9.2.0/../../../../x86_64-w64-mingw32/lib/../lib/libmsvcrt.a(dhkls00055.o)
 .bss           0x0000000000407950       0x10 c:/users/moham/mingw/bin/../lib/gcc/x86_64-w64-mingw32/9.2.0/../../../../x86_64-w64-mingw32/lib/../lib/libmsvcrt.a(lib64_libmsvcrt_a-invalid_parameter_handler.o)
 .bss           0x0000000000407960        0x0 c:/users/moham/mingw/bin/../lib/gcc/x86_64-w64-mingw32/9.2.0/../../../../x86_64-w64-mingw32/lib/../lib/libmsvcrt.a(dhklh.o)
 .bss           0x0000000000407960        0x0 c:/users/moham/mingw/bin/../lib/gcc/x86_64-w64-mingw32/9.2.0/../../../../x86_64-w64-mingw32/lib/../lib/libmsvcrt.a(dhklt.o)
 .bss           0x0000000000407960        0x0 c:/users/moham/mingw/bin/../lib/gcc/x86_64-w64-mingw32/9.2.0/../../../../x86_64-w64-mingw32/lib/../lib/libkernel32.a(dakls01267.o)
 .bss           0x0000000000407960        0x0 c:/users/moham/mingw/bin/../lib/gcc/x86_64-w64-mingw32/9.2.0/../../../../x86_64-w64-mingw32/lib/../lib/libkernel32.a(dakls01265.o)
 .bss           0x0000000000407960        0x0 c:/users/moham/mingw/bin/../lib/gcc/x86_64-w64-mingw32/9.2.0/../../../../x86_64-w64-mingw32/lib/../lib/libkernel32.a(dakls01235.o)
 .bss           0x0000000000407960        0x0 c:/users/moham/mingw/bin/../lib/gcc/x86_64-w64-mingw32/9.2.0/../../../../x86_64-w64-mingw32/lib/../lib/libkernel32.a(dakls01222.o)
 .bss           0x0000000000407960        0x0 c:/users/moham/mingw/bin/../lib/gcc/x86_64-w64-mingw32/9.2.0/../../../../x86_64-w64-mingw32/lib/../lib/libkernel32.a(dakls01215.o)
 .bss           0x0000000000407960        0x0 c:/users/moham/mingw/bin/../lib/gcc/x86_64-w64-mingw32/9.2.0/../../../../x86_64-w64-mingw32/lib/../lib/libkernel32.a(dakls01201.o)
 .bss           0x0000000000407960        0x0 c:/users/moham/mingw/bin/../lib/gcc/x86_64-w64-mingw32/9.2.0/../../../../x86_64-w64-mingw32/lib/../lib/libkernel32.a(dakls01188.o)
 .bss           0x0000000000407960        0x0 c:/users/moham/mingw/bin/../lib/gcc/x86_64-w64-mingw32/9.2.0/../../../../x86_64-w64-mingw32/lib/../lib/libkernel32.a(dakls01045.o)
 .bss           0x0000000000407960        0x0 c:/users/moham/mingw/bin/../lib/gcc/x86_64-w64-mingw32/9.2.0/../../../../x86_64-w64-mingw32/lib/../lib/libkernel32.a(dakls01038.o)
 .bss           0x0000000000407960        0x0 c:/users/moham/mingw/bin/../lib/gcc/x86_64-w64-mingw32/9.2.0/../../../../x86_64-w64-mingw32/lib/../lib/libkernel32.a(dakls01031.o)
 .bss           0x0000000000407960        0x0 c:/users/moham/mingw/bin/../lib/gcc/x86_64-w64-mingw32/9.2.0/../../../../x86_64-w64-mingw32/lib/../lib/libkernel32.a(dakls01030.o)
 .bss           0x0000000000407960        0x0 c:/users/moham/mingw/bin/../lib/gcc/x86_64-w64-mingw32/9.2.0/../../../../x86_64-w64-mingw32/lib/../lib/libkernel32.a(dakls00959.o)
 .bss           0x0000000000407960        0x0 c:/users/moham/mingw/bin/../lib/gcc/x86_64-w64-mingw32/9.2.0/../../../../x86_64-w64-mingw32/lib/../lib/libkernel32.a(dakls00845.o)
 .bss           0x0000000000407960        0x0 c:/users/moham/mingw/bin/../lib/gcc/x86_64-w64-mingw32/9.2.0/../../../../x86_64-w64-mingw32/lib/../lib/libkernel32.a(dakls00763.o)
 .bss           0x0000000000407960        0x0 c:/users/moham/mingw/bin/../lib/gcc/x86_64-w64-mingw32/9.2.0/../../../../x86_64-w64-mingw32/lib/../lib/libkernel32.a(dakls00679.o)
 .bss           0x0000000000407960        0x0 c:/users/moham/mingw/bin/../lib/gcc/x86_64-w64-mingw32/9.2.0/../../../../x86_64-w64-mingw32/lib/../lib/libkernel32.a(dakls00652.o)
 .bss           0x0000000000407960        0x0 c:/users/moham/mingw/bin/../lib/gcc/x86_64-w64-mingw32/9.2.0/../../../../x86_64-w64-mingw32/lib/../lib/libkernel32.a(dakls00629.o)
 .bss           0x0000000000407960        0x0 c:/users/moham/mingw/bin/../lib/gcc/x86_64-w64-mingw32/9.2.0/../../../../x86_64-w64-mingw32/lib/../lib/libkernel32.a(dakls00530.o)
 .bss           0x0000000000407960        0x0 c:/users/moham/mingw/bin/../lib/gcc/x86_64-w64-mingw32/9.2.0/../../../../x86_64-w64-mingw32/lib/../lib/libkernel32.a(dakls00467.o)
 .bss           0x0000000000407960        0x0 c:/users/moham/mingw/bin/../lib/gcc/x86_64-w64-mingw32/9.2.0/../../../../x86_64-w64-mingw32/lib/../lib/libkernel32.a(dakls00463.o)
 .bss           0x0000000000407960        0x0 c:/users/moham/mingw/bin/../lib/gcc/x86_64-w64-mingw32/9.2.0/../../../../x86_64-w64-mingw32/lib/../lib/libkernel32.a(dakls00462.o)
 .bss           0x0000000000407960        0x0 c:/users/moham/mingw/bin/../lib/gcc/x86_64-w64-mingw32/9.2.0/../../../../x86_64-w64-mingw32/lib/../lib/libkernel32.a(dakls00249.o)
 .bss           0x0000000000407960        0x0 c:/users/moham/mingw/bin/../lib/gcc/x86_64-w64-mingw32/9.2.0/../../../../x86_64-w64-mingw32/lib/../lib/libkernel32.a(dakls00216.o)
 .bss           0x0000000000407960        0x0 c:/users/moham/mingw/bin/../lib/gcc/x86_64-w64-mingw32/9.2.0/../../../../x86_64-w64-mingw32/lib/../lib/libkernel32.a(daklh.o)
 .bss           0x0000000000407960        0x0 c:/users/moham/mingw/bin/../lib/gcc/x86_64-w64-mingw32/9.2.0/../../../../x86_64-w64-mingw32/lib/../lib/libkernel32.a(daklt.o)
 .bss           0x0000000000407960        0x0 c:/users/moham/mingw/bin/../lib/gcc/x86_64-w64-mingw32/9.2.0/crtend.o
 *(COMMON)
 COMMON         0x0000000000407960       0x10 c:/users/moham/mingw/bin/../lib/gcc/x86_64-w64-mingw32/9.2.0/../../../../x86_64-w64-mingw32/lib/../lib/crt2.o
                0x0000000000407960                __mingw_winmain_lpCmdLine
                0x0000000000407968                __mingw_winmain_hInstance
 COMMON         0x0000000000407970        0xa main.o
                0x0000000000407970                buffer
 *fill*         0x000000000040797a        0x6 
 COMMON         0x0000000000407980       0x10 c:/users/moham/mingw/bin/../lib/gcc/x86_64-w64-mingw32/9.2.0/../../../../x86_64-w64-mingw32/lib/../lib/libmingw32.a(lib64_libmingw32_a-atonexit.o)
                0x0000000000407980                __onexitbegin
                0x0000000000407988                __onexitend
 COMMON         0x0000000000407990       0x10 c:/users/moham/mingw/bin/../lib/gcc/x86_64-w64-mingw32/9.2.0/../../../../x86_64-w64-mingw32/lib/../lib/libmingw32.a(lib64_libmingw32_a-natstart.o)
                0x0000000000407990                __native_startup_state
                0x0000000000407998                __native_startup_lock
 COMMON         0x00000000004079a0       0x20 c:/users/moham/mingw/bin/../lib/gcc/x86_64-w64-mingw32/9.2.0/libgcc.a(_ctors.o)
                0x00000000004079c0                __bss_end__ = .

.edata
 *(.edata)

/DISCARD/
 *(.debug$S)
 *(.debug$T)
 *(.debug$F)
 *(.drectve)
 *(.note.GNU-stack)
 *(.gnu.lto_*)

.idata          0x0000000000408000      0x800
 SORT(*)(.idata$2)
 .idata$2       0x0000000000408000       0x14 c:/users/moham/mingw/bin/../lib/gcc/x86_64-w64-mingw32/9.2.0/../../../../x86_64-w64-mingw32/lib/../lib/libkernel32.a(daklh.o)
                0x0000000000408000                _head_lib64_libkernel32_a
 .idata$2       0x0000000000408014       0x14 c:/users/moham/mingw/bin/../lib/gcc/x86_64-w64-mingw32/9.2.0/../../../../x86_64-w64-mingw32/lib/../lib/libmsvcrt.a(dhklh.o)
                0x0000000000408014                _head_lib64_libmsvcrt_a
 SORT(*)(.idata$3)
                0x0000000000408028        0x4 LONG 0x0
                0x000000000040802c        0x4 LONG 0x0
                0x0000000000408030        0x4 LONG 0x0
                0x0000000000408034        0x4 LONG 0x0
                0x0000000000408038        0x4 LONG 0x0
 SORT(*)(.idata$4)
 .idata$4       0x000000000040803c        0x0 c:/users/moham/mingw/bin/../lib/gcc/x86_64-w64-mingw32/9.2.0/../../../../x86_64-w64-mingw32/lib/../lib/libkernel32.a(daklh.o)
 .idata$4       0x000000000040803c        0x8 c:/users/moham/mingw/bin/../lib/gcc/x86_64-w64-mingw32/9.2.0/../../../../x86_64-w64-mingw32/lib/../lib/libkernel32.a(dakls00216.o)
 .idata$4       0x0000000000408044        0x8 c:/users/moham/mingw/bin/../lib/gcc/x86_64-w64-mingw32/9.2.0/../../../../x86_64-w64-mingw32/lib/../lib/libkernel32.a(dakls00249.o)
 .idata$4       0x000000000040804c        0x8 c:/users/moham/mingw/bin/../lib/gcc/x86_64-w64-mingw32/9.2.0/../../../../x86_64-w64-mingw32/lib/../lib/libkernel32.a(dakls00462.o)
 .idata$4       0x0000000000408054        0x8 c:/users/moham/mingw/bin/../lib/gcc/x86_64-w64-mingw32/9.2.0/../../../../x86_64-w64-mingw32/lib/../lib/libkernel32.a(dakls00463.o)
 .idata$4       0x000000000040805c        0x8 c:/users/moham/mingw/bin/../lib/gcc/x86_64-w64-mingw32/9.2.0/../../../../x86_64-w64-mingw32/lib/../lib/libkernel32.a(dakls00467.o)
 .idata$4       0x0000000000408064        0x8 c:/users/moham/mingw/bin/../lib/gcc/x86_64-w64-mingw32/9.2.0/../../../../x86_64-w64-mingw32/lib/../lib/libkernel32.a(dakls00530.o)
 .idata$4       0x000000000040806c        0x8 c:/users/moham/mingw/bin/../lib/gcc/x86_64-w64-mingw32/9.2.0/../../../../x86_64-w64-mingw32/lib/../lib/libkernel32.a(dakls00629.o)
 .idata$4       0x0000000000408074        0x8 c:/users/moham/mingw/bin/../lib/gcc/x86_64-w64-mingw32/9.2.0/../../../../x86_64-w64-mingw32/lib/../lib/libkernel32.a(dakls00652.o)
 .idata$4       0x000000000040807c        0x8 c:/users/moham/mingw/bin/../lib/gcc/x86_64-w64-mingw32/9.2.0/../../../../x86_64-w64-mingw32/lib/../lib/libkernel32.a(dakls00679.o)
 .idata$4       0x0000000000408084        0x8 c:/users/moham/mingw/bin/../lib/gcc/x86_64-w64-mingw32/9.2.0/../../../../x86_64-w64-mingw32/lib/../lib/libkernel32.a(dakls00763.o)
 .idata$4       0x000000000040808c        0x8 c:/users/moham/mingw/bin/../lib/gcc/x86_64-w64-mingw32/9.2.0/../../../../x86_64-w64-mingw32/lib/../lib/libkernel32.a(dakls00845.o)
 .idata$4       0x0000000000408094        0x8 c:/users/moham/mingw/bin/../lib/gcc/x86_64-w64-mingw32/9.2.0/../../../../x86_64-w64-mingw32/lib/../lib/libkernel32.a(dakls00959.o)
 .idata$4       0x000000000040809c        0x8 c:/users/moham/mingw/bin/../lib/gcc/x86_64-w64-mingw32/9.2.0/../../../../x86_64-w64-mingw32/lib/../lib/libkernel32.a(dakls01030.o)
 .idata$4       0x00000000004080a4        0x8 c:/users/moham/mingw/bin/../lib/gcc/x86_64-w64-mingw32/9.2.0/../../../../x86_64-w64-mingw32/lib/../lib/libkernel32.a(dakls01031.o)
 .idata$4       0x00000000004080ac        0x8 c:/users/moham/mingw/bin/../lib/gcc/x86_64-w64-mingw32/9.2.0/../../../../x86_64-w64-mingw32/lib/../lib/libkernel32.a(dakls01038.o)
 .idata$4       0x00000000004080b4        0x8 c:/users/moham/mingw/bin/../lib/gcc/x86_64-w64-mingw32/9.2.0/../../../../x86_64-w64-mingw32/lib/../lib/libkernel32.a(dakls01045.o)
 .idata$4       0x00000000004080bc        0x8 c:/users/moham/mingw/bin/../lib/gcc/x86_64-w64-mingw32/9.2.0/../../../../x86_64-w64-mingw32/lib/../lib/libkernel32.a(dakls01188.o)
 .idata$4       0x00000000004080c4        0x8 c:/users/moham/mingw/bin/../lib/gcc/x86_64-w64-mingw32/9.2.0/../../../../x86_64-w64-mingw32/lib/../lib/libkernel32.a(dakls01201.o)
 .idata$4       0x00000000004080cc        0x8 c:/users/moham/mingw/bin/../lib/gcc/x86_64-w64-mingw32/9.2.0/../../../../x86_64-w64-mingw32/lib/../lib/libkernel32.a(dakls01215.o)
 .idata$4       0x00000000004080d4        0x8 c:/users/moham/mingw/bin/../lib/gcc/x86_64-w64-mingw32/9.2.0/../../../../x86_64-w64-mingw32/lib/../lib/libkernel32.a(dakls01222.o)
 .idata$4       0x00000000004080dc        0x8 c:/users/moham/mingw/bin/../lib/gcc/x86_64-w64-mingw32/9.2.0/../../../../x86_64-w64-mingw32/lib/../lib/libkernel32.a(dakls01235.o)
 .idata$4       0x00000000004080e4        0x8 c:/users/moham/mingw/bin/../lib/gcc/x86_64-w64-mingw32/9.2.0/../../../../x86_64-w64-mingw32/lib/../lib/libkernel32.a(dakls01265.o)
 .idata$4       0x00000000004080ec        0x8 c:/users/moham/mingw/bin/../lib/gcc/x86_64-w64-mingw32/9.2.0/../../../../x86_64-w64-mingw32/lib/../lib/libkernel32.a(dakls01267.o)
 .idata$4       0x00000000004080f4        0x8 c:/users/moham/mingw/bin/../lib/gcc/x86_64-w64-mingw32/9.2.0/../../../../x86_64-w64-mingw32/lib/../lib/libkernel32.a(daklt.o)
 .idata$4       0x00000000004080fc        0x0 c:/users/moham/mingw/bin/../lib/gcc/x86_64-w64-mingw32/9.2.0/../../../../x86_64-w64-mingw32/lib/../lib/libmsvcrt.a(dhklh.o)
 .idata$4       0x00000000004080fc        0x8 c:/users/moham/mingw/bin/../lib/gcc/x86_64-w64-mingw32/9.2.0/../../../../x86_64-w64-mingw32/lib/../lib/libmsvcrt.a(dhkls00055.o)
 .idata$4       0x0000000000408104        0x8 c:/users/moham/mingw/bin/../lib/gcc/x86_64-w64-mingw32/9.2.0/../../../../x86_64-w64-mingw32/lib/../lib/libmsvcrt.a(dhkls00078.o)
 .idata$4       0x000000000040810c        0x8 c:/users/moham/mingw/bin/../lib/gcc/x86_64-w64-mingw32/9.2.0/../../../../x86_64-w64-mingw32/lib/../lib/libmsvcrt.a(dhkls00081.o)
 .idata$4       0x0000000000408114        0x8 c:/users/moham/mingw/bin/../lib/gcc/x86_64-w64-mingw32/9.2.0/../../../../x86_64-w64-mingw32/lib/../lib/libmsvcrt.a(dhkls00082.o)
 .idata$4       0x000000000040811c        0x8 c:/users/moham/mingw/bin/../lib/gcc/x86_64-w64-mingw32/9.2.0/../../../../x86_64-w64-mingw32/lib/../lib/libmsvcrt.a(dhkls00083.o)
 .idata$4       0x0000000000408124        0x8 c:/users/moham/mingw/bin/../lib/gcc/x86_64-w64-mingw32/9.2.0/../../../../x86_64-w64-mingw32/lib/../lib/libmsvcrt.a(dhkls00090.o)
 .idata$4       0x000000000040812c        0x8 c:/users/moham/mingw/bin/../lib/gcc/x86_64-w64-mingw32/9.2.0/../../../../x86_64-w64-mingw32/lib/../lib/libmsvcrt.a(dhkls00096.o)
 .idata$4       0x0000000000408134        0x8 c:/users/moham/mingw/bin/../lib/gcc/x86_64-w64-mingw32/9.2.0/../../../../x86_64-w64-mingw32/lib/../lib/libmsvcrt.a(dhkls00098.o)
 .idata$4       0x000000000040813c        0x8 c:/users/moham/mingw/bin/../lib/gcc/x86_64-w64-mingw32/9.2.0/../../../../x86_64-w64-mingw32/lib/../lib/libmsvcrt.a(dhkls00113.o)
 .idata$4       0x0000000000408144        0x8 c:/users/moham/mingw/bin/../lib/gcc/x86_64-w64-mingw32/9.2.0/../../../../x86_64-w64-mingw32/lib/../lib/libmsvcrt.a(dhkls00120.o)
 .idata$4       0x000000000040814c        0x8 c:/users/moham/mingw/bin/../lib/gcc/x86_64-w64-mingw32/9.2.0/../../../../x86_64-w64-mingw32/lib/../lib/libmsvcrt.a(dhkls00138.o)
 .idata$4       0x0000000000408154        0x8 c:/users/moham/mingw/bin/../lib/gcc/x86_64-w64-mingw32/9.2.0/../../../../x86_64-w64-mingw32/lib/../lib/libmsvcrt.a(dhkls00219.o)
 .idata$4       0x000000000040815c        0x8 c:/users/moham/mingw/bin/../lib/gcc/x86_64-w64-mingw32/9.2.0/../../../../x86_64-w64-mingw32/lib/../lib/libmsvcrt.a(dhkls00285.o)
 .idata$4       0x0000000000408164        0x8 c:/users/moham/mingw/bin/../lib/gcc/x86_64-w64-mingw32/9.2.0/../../../../x86_64-w64-mingw32/lib/../lib/libmsvcrt.a(dhkls00387.o)
 .idata$4       0x000000000040816c        0x8 c:/users/moham/mingw/bin/../lib/gcc/x86_64-w64-mingw32/9.2.0/../../../../x86_64-w64-mingw32/lib/../lib/libmsvcrt.a(dhkls00552.o)
 .idata$4       0x0000000000408174        0x8 c:/users/moham/mingw/bin/../lib/gcc/x86_64-w64-mingw32/9.2.0/../../../../x86_64-w64-mingw32/lib/../lib/libmsvcrt.a(dhkls00712.o)
 .idata$4       0x000000000040817c        0x8 c:/users/moham/mingw/bin/../lib/gcc/x86_64-w64-mingw32/9.2.0/../../../../x86_64-w64-mingw32/lib/../lib/libmsvcrt.a(dhkls00900.o)
 .idata$4       0x0000000000408184        0x8 c:/users/moham/mingw/bin/../lib/gcc/x86_64-w64-mingw32/9.2.0/../../../../x86_64-w64-mingw32/lib/../lib/libmsvcrt.a(dhkls00917.o)
 .idata$4       0x000000000040818c        0x8 c:/users/moham/mingw/bin/../lib/gcc/x86_64-w64-mingw32/9.2.0/../../../../x86_64-w64-mingw32/lib/../lib/libmsvcrt.a(dhkls00930.o)
 .idata$4       0x0000000000408194        0x8 c:/users/moham/mingw/bin/../lib/gcc/x86_64-w64-mingw32/9.2.0/../../../../x86_64-w64-mingw32/lib/../lib/libmsvcrt.a(dhkls00949.o)
 .idata$4       0x000000000040819c        0x8 c:/users/moham/mingw/bin/../lib/gcc/x86_64-w64-mingw32/9.2.0/../../../../x86_64-w64-mingw32/lib/../lib/libmsvcrt.a(dhkls00956.o)
 .idata$4       0x00000000004081a4        0x8 c:/users/moham/mingw/bin/../lib/gcc/x86_64-w64-mingw32/9.2.0/../../../../x86_64-w64-mingw32/lib/../lib/libmsvcrt.a(dhkls00967.o)
 .idata$4       0x00000000004081ac        0x8 c:/users/moham/mingw/bin/../lib/gcc/x86_64-w64-mingw32/9.2.0/../../../../x86_64-w64-mingw32/lib/../lib/libmsvcrt.a(dhkls01013.o)
 .idata$4       0x00000000004081b4        0x8 c:/users/moham/mingw/bin/../lib/gcc/x86_64-w64-mingw32/9.2.0/../../../../x86_64-w64-mingw32/lib/../lib/libmsvcrt.a(dhkls01021.o)
 .idata$4       0x00000000004081bc        0x8 c:/users/moham/mingw/bin/../lib/gcc/x86_64-w64-mingw32/9.2.0/../../../../x86_64-w64-mingw32/lib/../lib/libmsvcrt.a(dhkls01033.o)
 .idata$4       0x00000000004081c4        0x8 c:/users/moham/mingw/bin/../lib/gcc/x86_64-w64-mingw32/9.2.0/../../../../x86_64-w64-mingw32/lib/../lib/libmsvcrt.a(dhkls01051.o)
 .idata$4       0x00000000004081cc        0x8 c:/users/moham/mingw/bin/../lib/gcc/x86_64-w64-mingw32/9.2.0/../../../../x86_64-w64-mingw32/lib/../lib/libmsvcrt.a(dhkls01072.o)
 .idata$4       0x00000000004081d4        0x8 c:/users/moham/mingw/bin/../lib/gcc/x86_64-w64-mingw32/9.2.0/../../../../x86_64-w64-mingw32/lib/../lib/libmsvcrt.a(dhkls01075.o)
 .idata$4       0x00000000004081dc        0x8 c:/users/moham/mingw/bin/../lib/gcc/x86_64-w64-mingw32/9.2.0/../../../../x86_64-w64-mingw32/lib/../lib/libmsvcrt.a(dhkls01107.o)
 .idata$4       0x00000000004081e4        0x8 c:/users/moham/mingw/bin/../lib/gcc/x86_64-w64-mingw32/9.2.0/../../../../x86_64-w64-mingw32/lib/../lib/libmsvcrt.a(dhklt.o)
                0x00000000004081ec                __IAT_start__ = .
 SORT(*)(.idata$5)
 .idata$5       0x00000000004081ec        0x0 c:/users/moham/mingw/bin/../lib/gcc/x86_64-w64-mingw32/9.2.0/../../../../x86_64-w64-mingw32/lib/../lib/libkernel32.a(daklh.o)
 .idata$5       0x00000000004081ec        0x8 c:/users/moham/mingw/bin/../lib/gcc/x86_64-w64-mingw32/9.2.0/../../../../x86_64-w64-mingw32/lib/../lib/libkernel32.a(dakls00216.o)
                0x00000000004081ec                __imp_DeleteCriticalSection
 .idata$5       0x00000000004081f4        0x8 c:/users/moham/mingw/bin/../lib/gcc/x86_64-w64-mingw32/9.2.0/../../../../x86_64-w64-mingw32/lib/../lib/libkernel32.a(dakls00249.o)
                0x00000000004081f4                __imp_EnterCriticalSection
 .idata$5       0x00000000004081fc        0x8 c:/users/moham/mingw/bin/../lib/gcc/x86_64-w64-mingw32/9.2.0/../../../../x86_64-w64-mingw32/lib/../lib/libkernel32.a(dakls00462.o)
                0x00000000004081fc                __imp_GetCurrentProcess
 .idata$5       0x0000000000408204        0x8 c:/users/moham/mingw/bin/../lib/gcc/x86_64-w64-mingw32/9.2.0/../../../../x86_64-w64-mingw32/lib/../lib/libkernel32.a(dakls00463.o)
                0x0000000000408204                __imp_GetCurrentProcessId
 .idata$5       0x000000000040820c        0x8 c:/users/moham/mingw/bin/../lib/gcc/x86_64-w64-mingw32/9.2.0/../../../../x86_64-w64-mingw32/lib/../lib/libkernel32.a(dakls00467.o)
                0x000000000040820c                __imp_GetCurrentThreadId
 .idata$5       0x0000000000408214        0x8 c:/users/moham/mingw/bin/../lib/gcc/x86_64-w64-mingw32/9.2.0/../../../../x86_64-w64-mingw32/lib/../lib/libkernel32.a(dakls00530.o)
                0x0000000000408214                __imp_GetLastError
 .idata$5       0x000000000040821c        0x8 c:/users/moham/mingw/bin/../lib/gcc/x86_64-w64-mingw32/9.2.0/../../../../x86_64-w64-mingw32/lib/../lib/libkernel32.a(dakls00629.o)
                0x000000000040821c                __imp_GetStartupInfoA
 .idata$5       0x0000000000408224        0x8 c:/users/moham/mingw/bin/../lib/gcc/x86_64-w64-mingw32/9.2.0/../../../../x86_64-w64-mingw32/lib/../lib/libkernel32.a(dakls00652.o)
                0x0000000000408224                __imp_GetSystemTimeAsFileTime
 .idata$5       0x000000000040822c        0x8 c:/users/moham/mingw/bin/../lib/gcc/x86_64-w64-mingw32/9.2.0/../../../../x86_64-w64-mingw32/lib/../lib/libkernel32.a(dakls00679.o)